Archive member included to satisfy reference by file (symbol)

d:/mts/plc/ld_editor/build-editor-desktop_qt_5_13_0_msvc2017_64bit-release/release/arm-gcc/bin/../lib/gcc/arm-none-eabi/7.3.1/../../../../arm-none-eabi/lib/thumb/v7e-m/fpv4-sp/hard\libc_nano.a(lib_a-exit.o)
                              d:/mts/plc/ld_editor/build-editor-desktop_qt_5_13_0_msvc2017_64bit-release/release/arm-gcc/bin/../lib/gcc/arm-none-eabi/7.3.1/../../../../arm-none-eabi/lib/thumb/v7e-m/fpv4-sp/hard/crt0.o (exit)
d:/mts/plc/ld_editor/build-editor-desktop_qt_5_13_0_msvc2017_64bit-release/release/arm-gcc/bin/../lib/gcc/arm-none-eabi/7.3.1/../../../../arm-none-eabi/lib/thumb/v7e-m/fpv4-sp/hard\libc_nano.a(lib_a-impure.o)
                              d:/mts/plc/ld_editor/build-editor-desktop_qt_5_13_0_msvc2017_64bit-release/release/arm-gcc/bin/../lib/gcc/arm-none-eabi/7.3.1/../../../../arm-none-eabi/lib/thumb/v7e-m/fpv4-sp/hard\libc_nano.a(lib_a-exit.o) (_global_impure_ptr)
d:/mts/plc/ld_editor/build-editor-desktop_qt_5_13_0_msvc2017_64bit-release/release/arm-gcc/bin/../lib/gcc/arm-none-eabi/7.3.1/../../../../arm-none-eabi/lib/thumb/v7e-m/fpv4-sp/hard\libc_nano.a(lib_a-init.o)
                              d:/mts/plc/ld_editor/build-editor-desktop_qt_5_13_0_msvc2017_64bit-release/release/arm-gcc/bin/../lib/gcc/arm-none-eabi/7.3.1/../../../../arm-none-eabi/lib/thumb/v7e-m/fpv4-sp/hard/crt0.o (__libc_init_array)
d:/mts/plc/ld_editor/build-editor-desktop_qt_5_13_0_msvc2017_64bit-release/release/arm-gcc/bin/../lib/gcc/arm-none-eabi/7.3.1/../../../../arm-none-eabi/lib/thumb/v7e-m/fpv4-sp/hard\libc_nano.a(lib_a-memcmp.o)
                              ../CORE/PLC1_CORE/Middlewares/Third_Party/LwIP/src/netif/ethernet.o (memcmp)
d:/mts/plc/ld_editor/build-editor-desktop_qt_5_13_0_msvc2017_64bit-release/release/arm-gcc/bin/../lib/gcc/arm-none-eabi/7.3.1/../../../../arm-none-eabi/lib/thumb/v7e-m/fpv4-sp/hard\libc_nano.a(lib_a-memcpy-stub.o)
                              ../CORE/PLC1_CORE/Middlewares/Third_Party/FreeRTOS/Source/queue.o (memcpy)
d:/mts/plc/ld_editor/build-editor-desktop_qt_5_13_0_msvc2017_64bit-release/release/arm-gcc/bin/../lib/gcc/arm-none-eabi/7.3.1/../../../../arm-none-eabi/lib/thumb/v7e-m/fpv4-sp/hard\libc_nano.a(lib_a-memset.o)
                              d:/mts/plc/ld_editor/build-editor-desktop_qt_5_13_0_msvc2017_64bit-release/release/arm-gcc/bin/../lib/gcc/arm-none-eabi/7.3.1/../../../../arm-none-eabi/lib/thumb/v7e-m/fpv4-sp/hard/crt0.o (memset)
d:/mts/plc/ld_editor/build-editor-desktop_qt_5_13_0_msvc2017_64bit-release/release/arm-gcc/bin/../lib/gcc/arm-none-eabi/7.3.1/../../../../arm-none-eabi/lib/thumb/v7e-m/fpv4-sp/hard\libc_nano.a(lib_a-printf.o)
                              ../CORE/PLC1_CORE/Middlewares/Third_Party/LwIP/src/api/api_lib.o (printf)
d:/mts/plc/ld_editor/build-editor-desktop_qt_5_13_0_msvc2017_64bit-release/release/arm-gcc/bin/../lib/gcc/arm-none-eabi/7.3.1/../../../../arm-none-eabi/lib/thumb/v7e-m/fpv4-sp/hard\libc_nano.a(lib_a-strlen.o)
                              ../CORE/PLC1_CORE/Middlewares/Third_Party/LwIP/src/apps/mqtt/mqtt.o (strlen)
d:/mts/plc/ld_editor/build-editor-desktop_qt_5_13_0_msvc2017_64bit-release/release/arm-gcc/bin/../lib/gcc/arm-none-eabi/7.3.1/../../../../arm-none-eabi/lib/thumb/v7e-m/fpv4-sp/hard\libc_nano.a(lib_a-strncmp.o)
                              ../CORE/PLC1_CORE/Middlewares/Third_Party/LwIP/src/core/def.o (strncmp)
d:/mts/plc/ld_editor/build-editor-desktop_qt_5_13_0_msvc2017_64bit-release/release/arm-gcc/bin/../lib/gcc/arm-none-eabi/7.3.1/../../../../arm-none-eabi/lib/thumb/v7e-m/fpv4-sp/hard\libc_nano.a(lib_a-findfp.o)
                              d:/mts/plc/ld_editor/build-editor-desktop_qt_5_13_0_msvc2017_64bit-release/release/arm-gcc/bin/../lib/gcc/arm-none-eabi/7.3.1/../../../../arm-none-eabi/lib/thumb/v7e-m/fpv4-sp/hard\libc_nano.a(lib_a-printf.o) (__sinit)
d:/mts/plc/ld_editor/build-editor-desktop_qt_5_13_0_msvc2017_64bit-release/release/arm-gcc/bin/../lib/gcc/arm-none-eabi/7.3.1/../../../../arm-none-eabi/lib/thumb/v7e-m/fpv4-sp/hard\libc_nano.a(lib_a-fwalk.o)
                              d:/mts/plc/ld_editor/build-editor-desktop_qt_5_13_0_msvc2017_64bit-release/release/arm-gcc/bin/../lib/gcc/arm-none-eabi/7.3.1/../../../../arm-none-eabi/lib/thumb/v7e-m/fpv4-sp/hard\libc_nano.a(lib_a-findfp.o) (_fwalk)
d:/mts/plc/ld_editor/build-editor-desktop_qt_5_13_0_msvc2017_64bit-release/release/arm-gcc/bin/../lib/gcc/arm-none-eabi/7.3.1/../../../../arm-none-eabi/lib/thumb/v7e-m/fpv4-sp/hard\libc_nano.a(lib_a-nano-mallocr.o)
                              d:/mts/plc/ld_editor/build-editor-desktop_qt_5_13_0_msvc2017_64bit-release/release/arm-gcc/bin/../lib/gcc/arm-none-eabi/7.3.1/../../../../arm-none-eabi/lib/thumb/v7e-m/fpv4-sp/hard\libc_nano.a(lib_a-findfp.o) (_malloc_r)
[...]
Memory Configuration

Name             Origin             Length             Attributes
RAM              0x20000000         0x00030000         xrw
CCMRAM           0x10000000         0x00010000         rw
FLASH            0x08040000         0x000c0000         xr
*default*        0x00000000         0xffffffff

Linker script and memory map

LOAD d:/mts/plc/ld_editor/build-editor-desktop_qt_5_13_0_msvc2017_64bit-release/release/arm-gcc/bin/../lib/gcc/arm-none-eabi/7.3.1/thumb/v7e-m/fpv4-sp/hard/crti.o
LOAD d:/mts/plc/ld_editor/build-editor-desktop_qt_5_13_0_msvc2017_64bit-release/release/arm-gcc/bin/../lib/gcc/arm-none-eabi/7.3.1/thumb/v7e-m/fpv4-sp/hard/crtbegin.o
LOAD d:/mts/plc/ld_editor/build-editor-desktop_qt_5_13_0_msvc2017_64bit-release/release/arm-gcc/bin/../lib/gcc/arm-none-eabi/7.3.1/../../../../arm-none-eabi/lib/thumb/v7e-m/fpv4-sp/hard/crt0.o
LOAD ../CORE/PLC1_CORE/Drivers/STM32F4xx_HAL_Driver/Src/stm32f4xx_hal.o
LOAD ../CORE/PLC1_CORE/Drivers/STM32F4xx_HAL_Driver/Src/stm32f4xx_hal_cortex.o
LOAD ../CORE/PLC1_CORE/Drivers/STM32F4xx_HAL_Driver/Src/stm32f4xx_hal_dma.o
LOAD ../CORE/PLC1_CORE/Drivers/STM32F4xx_HAL_Driver/Src/stm32f4xx_hal_dma_ex.o
LOAD ../CORE/PLC1_CORE/Drivers/STM32F4xx_HAL_Driver/Src/stm32f4xx_hal_eth.o
LOAD ../CORE/PLC1_CORE/Drivers/STM32F4xx_HAL_Driver/Src/stm32f4xx_hal_exti.o
LOAD ../CORE/PLC1_CORE/Drivers/STM32F4xx_HAL_Driver/Src/stm32f4xx_hal_flash.o
LOAD ../CORE/PLC1_CORE/Drivers/STM32F4xx_HAL_Driver/Src/stm32f4xx_hal_flash_ex.o
LOAD ../CORE/PLC1_CORE/Drivers/STM32F4xx_HAL_Driver/Src/stm32f4xx_hal_flash_ramfunc.o
LOAD ../CORE/PLC1_CORE/Drivers/STM32F4xx_HAL_Driver/Src/stm32f4xx_hal_gpio.o
LOAD ../CORE/PLC1_CORE/Drivers/STM32F4xx_HAL_Driver/Src/stm32f4xx_hal_pwr.o
LOAD ../CORE/PLC1_CORE/Drivers/STM32F4xx_HAL_Driver/Src/stm32f4xx_hal_pwr_ex.o
LOAD ../CORE/PLC1_CORE/Drivers/STM32F4xx_HAL_Driver/Src/stm32f4xx_hal_rcc.o
LOAD ../CORE/PLC1_CORE/Drivers/STM32F4xx_HAL_Driver/Src/stm32f4xx_hal_rcc_ex.o
LOAD ../CORE/PLC1_CORE/Drivers/STM32F4xx_HAL_Driver/Src/stm32f4xx_hal_spi.o
LOAD ../CORE/PLC1_CORE/Drivers/STM32F4xx_HAL_Driver/Src/stm32f4xx_hal_tim.o
LOAD ../CORE/PLC1_CORE/Drivers/STM32F4xx_HAL_Driver/Src/stm32f4xx_hal_tim_ex.o
LOAD ../CORE/PLC1_CORE/Drivers/STM32F4xx_HAL_Driver/Src/stm32f4xx_ll_dma.o
LOAD ../CORE/PLC1_CORE/Drivers/STM32F4xx_HAL_Driver/Src/stm32f4xx_ll_exti.o
LOAD ../CORE/PLC1_CORE/Drivers/STM32F4xx_HAL_Driver/Src/stm32f4xx_ll_gpio.o
LOAD ../CORE/PLC1_CORE/Drivers/STM32F4xx_HAL_Driver/Src/stm32f4xx_ll_rcc.o
LOAD ../CORE/PLC1_CORE/Drivers/STM32F4xx_HAL_Driver/Src/stm32f4xx_ll_usart.o
LOAD ../CORE/PLC1_CORE/Drivers/STM32F4xx_HAL_Driver/Src/stm32f4xx_ll_utils.o
LOAD ../CORE/PLC1_CORE/Middlewares/Third_Party/FreeRTOS/Source/CMSIS_RTOS/cmsis_os.o
LOAD ../CORE/PLC1_CORE/Middlewares/Third_Party/FreeRTOS/Source/croutine.o
LOAD ../CORE/PLC1_CORE/Middlewares/Third_Party/FreeRTOS/Source/event_groups.o
LOAD ../CORE/PLC1_CORE/Middlewares/Third_Party/FreeRTOS/Source/list.o
LOAD ../CORE/PLC1_CORE/Middlewares/Third_Party/FreeRTOS/Source/portable/GCC/ARM_CM4F/port.o
LOAD ../CORE/PLC1_CORE/Middlewares/Third_Party/FreeRTOS/Source/portable/MemMang/heap_4.o
LOAD ../CORE/PLC1_CORE/Middlewares/Third_Party/FreeRTOS/Source/queue.o
LOAD ../CORE/PLC1_CORE/Middlewares/Third_Party/FreeRTOS/Source/stream_buffer.o
LOAD ../CORE/PLC1_CORE/Middlewares/Third_Party/FreeRTOS/Source/tasks.o
LOAD ../CORE/PLC1_CORE/Middlewares/Third_Party/FreeRTOS/Source/timers.o
LOAD ../CORE/PLC1_CORE/Middlewares/Third_Party/LwIP/src/api/api_lib.o
LOAD ../CORE/PLC1_CORE/Middlewares/Third_Party/LwIP/src/api/api_msg.o
LOAD ../CORE/PLC1_CORE/Middlewares/Third_Party/LwIP/src/api/err.o
LOAD ../CORE/PLC1_CORE/Middlewares/Third_Party/LwIP/src/api/netbuf.o
LOAD ../CORE/PLC1_CORE/Middlewares/Third_Party/LwIP/src/api/netdb.o
LOAD ../CORE/PLC1_CORE/Middlewares/Third_Party/LwIP/src/api/netifapi.o
LOAD ../CORE/PLC1_CORE/Middlewares/Third_Party/LwIP/src/api/sockets.o
LOAD ../CORE/PLC1_CORE/Middlewares/Third_Party/LwIP/src/api/tcpip.o
LOAD ../CORE/PLC1_CORE/Middlewares/Third_Party/LwIP/src/apps/mqtt/mqtt.o
LOAD ../CORE/PLC1_CORE/Middlewares/Third_Party/LwIP/src/core/def.o
LOAD ../CORE/PLC1_CORE/Middlewares/Third_Party/LwIP/src/core/dns.o
LOAD ../CORE/PLC1_CORE/Middlewares/Third_Party/LwIP/src/core/inet_chksum.o
LOAD ../CORE/PLC1_CORE/Middlewares/Third_Party/LwIP/src/core/init.o
LOAD ../CORE/PLC1_CORE/Middlewares/Third_Party/LwIP/src/core/ip.o
LOAD ../CORE/PLC1_CORE/Middlewares/Third_Party/LwIP/src/core/ipv4/autoip.o
LOAD ../CORE/PLC1_CORE/Middlewares/Third_Party/LwIP/src/core/ipv4/dhcp.o
LOAD ../CORE/PLC1_CORE/Middlewares/Third_Party/LwIP/src/core/ipv4/etharp.o
LOAD ../CORE/PLC1_CORE/Middlewares/Third_Party/LwIP/src/core/ipv4/icmp.o
LOAD ../CORE/PLC1_CORE/Middlewares/Third_Party/LwIP/src/core/ipv4/igmp.o
LOAD ../CORE/PLC1_CORE/Middlewares/Third_Party/LwIP/src/core/ipv4/ip4.o
LOAD ../CORE/PLC1_CORE/Middlewares/Third_Party/LwIP/src/core/ipv4/ip4_addr.o
LOAD ../CORE/PLC1_CORE/Middlewares/Third_Party/LwIP/src/core/ipv4/ip4_frag.o
LOAD ../CORE/PLC1_CORE/Middlewares/Third_Party/LwIP/src/core/ipv6/dhcp6.o
LOAD ../CORE/PLC1_CORE/Middlewares/Third_Party/LwIP/src/core/ipv6/ethip6.o
LOAD ../CORE/PLC1_CORE/Middlewares/Third_Party/LwIP/src/core/ipv6/icmp6.o
LOAD ../CORE/PLC1_CORE/Middlewares/Third_Party/LwIP/src/core/ipv6/inet6.o
LOAD ../CORE/PLC1_CORE/Middlewares/Third_Party/LwIP/src/core/ipv6/ip6.o
LOAD ../CORE/PLC1_CORE/Middlewares/Third_Party/LwIP/src/core/ipv6/ip6_addr.o
LOAD ../CORE/PLC1_CORE/Middlewares/Third_Party/LwIP/src/core/ipv6/ip6_frag.o
LOAD ../CORE/PLC1_CORE/Middlewares/Third_Party/LwIP/src/core/ipv6/mld6.o
LOAD ../CORE/PLC1_CORE/Middlewares/Third_Party/LwIP/src/core/ipv6/nd6.o
LOAD ../CORE/PLC1_CORE/Middlewares/Third_Party/LwIP/src/core/mem.o
LOAD ../CORE/PLC1_CORE/Middlewares/Third_Party/LwIP/src/core/memp.o
LOAD ../CORE/PLC1_CORE/Middlewares/Third_Party/LwIP/src/core/netif.o
LOAD ../CORE/PLC1_CORE/Middlewares/Third_Party/LwIP/src/core/pbuf.o
LOAD ../CORE/PLC1_CORE/Middlewares/Third_Party/LwIP/src/core/raw.o
LOAD ../CORE/PLC1_CORE/Middlewares/Third_Party/LwIP/src/core/stats.o
LOAD ../CORE/PLC1_CORE/Middlewares/Third_Party/LwIP/src/core/sys.o
LOAD ../CORE/PLC1_CORE/Middlewares/Third_Party/LwIP/src/core/tcp.o
LOAD ../CORE/PLC1_CORE/Middlewares/Third_Party/LwIP/src/core/tcp_in.o
LOAD ../CORE/PLC1_CORE/Middlewares/Third_Party/LwIP/src/core/tcp_out.o
LOAD ../CORE/PLC1_CORE/Middlewares/Third_Party/LwIP/src/core/timeouts.o
LOAD ../CORE/PLC1_CORE/Middlewares/Third_Party/LwIP/src/core/udp.o
LOAD ../CORE/PLC1_CORE/Middlewares/Third_Party/LwIP/src/netif/ethernet.o
LOAD ../CORE/PLC1_CORE/Middlewares/Third_Party/LwIP/src/netif/lowpan6.o
LOAD ../CORE/PLC1_CORE/Middlewares/Third_Party/LwIP/src/netif/ppp/auth.o
LOAD ../CORE/PLC1_CORE/Middlewares/Third_Party/LwIP/src/netif/ppp/ccp.o
LOAD ../CORE/PLC1_CORE/Middlewares/Third_Party/LwIP/src/netif/ppp/chap-md5.o
LOAD ../CORE/PLC1_CORE/Middlewares/Third_Party/LwIP/src/netif/ppp/chap-new.o
LOAD ../CORE/PLC1_CORE/Middlewares/Third_Party/LwIP/src/netif/ppp/chap_ms.o
LOAD ../CORE/PLC1_CORE/Middlewares/Third_Party/LwIP/src/netif/ppp/demand.o
LOAD ../CORE/PLC1_CORE/Middlewares/Third_Party/LwIP/src/netif/ppp/eap.o
LOAD ../CORE/PLC1_CORE/Middlewares/Third_Party/LwIP/src/netif/ppp/ecp.o
LOAD ../CORE/PLC1_CORE/Middlewares/Third_Party/LwIP/src/netif/ppp/eui64.o
LOAD ../CORE/PLC1_CORE/Middlewares/Third_Party/LwIP/src/netif/ppp/fsm.o
LOAD ../CORE/PLC1_CORE/Middlewares/Third_Party/LwIP/src/netif/ppp/ipcp.o
LOAD ../CORE/PLC1_CORE/Middlewares/Third_Party/LwIP/src/netif/ppp/ipv6cp.o
LOAD ../CORE/PLC1_CORE/Middlewares/Third_Party/LwIP/src/netif/ppp/lcp.o
LOAD ../CORE/PLC1_CORE/Middlewares/Third_Party/LwIP/src/netif/ppp/magic.o
LOAD ../CORE/PLC1_CORE/Middlewares/Third_Party/LwIP/src/netif/ppp/mppe.o
LOAD ../CORE/PLC1_CORE/Middlewares/Third_Party/LwIP/src/netif/ppp/multilink.o
LOAD ../CORE/PLC1_CORE/Middlewares/Third_Party/LwIP/src/netif/ppp/ppp.o
LOAD ../CORE/PLC1_CORE/Middlewares/Third_Party/LwIP/src/netif/ppp/pppapi.o
LOAD ../CORE/PLC1_CORE/Middlewares/Third_Party/LwIP/src/netif/ppp/pppcrypt.o
LOAD ../CORE/PLC1_CORE/Middlewares/Third_Party/LwIP/src/netif/ppp/pppoe.o
LOAD ../CORE/PLC1_CORE/Middlewares/Third_Party/LwIP/src/netif/ppp/pppol2tp.o
LOAD ../CORE/PLC1_CORE/Middlewares/Third_Party/LwIP/src/netif/ppp/pppos.o
LOAD ../CORE/PLC1_CORE/Middlewares/Third_Party/LwIP/src/netif/ppp/upap.o
LOAD ../CORE/PLC1_CORE/Middlewares/Third_Party/LwIP/src/netif/ppp/utils.o
LOAD ../CORE/PLC1_CORE/Middlewares/Third_Party/LwIP/src/netif/ppp/vj.o
LOAD ../CORE/PLC1_CORE/Middlewares/Third_Party/LwIP/src/netif/slipif.o
LOAD ../CORE/PLC1_CORE/Middlewares/Third_Party/LwIP/system/OS/sys_arch.o
LOAD ../CORE/PLC1_CORE/Src/ain.o
LOAD ../CORE/PLC1_CORE/Src/crc.o
LOAD ../CORE/PLC1_CORE/Src/din.o
LOAD ../CORE/PLC1_CORE/Src/dma.o
LOAD ../CORE/PLC1_CORE/Src/dout.o
LOAD ../CORE/PLC1_CORE/Src/eeprom.o
LOAD ../CORE/PLC1_CORE/Src/ethip.o
LOAD ../CORE/PLC1_CORE/Src/elements.o
LOAD ../CORE/PLC1_CORE/Src/ethernetif.o
LOAD ../CORE/PLC1_CORE/Src/freertos.o
LOAD ../CORE/PLC1_CORE/Src/gpio.o
LOAD ../CORE/PLC1_CORE/Src/iwdg.o
LOAD ../CORE/PLC1_CORE/CompileFiles/ld_prog.o
LOAD ../CORE/PLC1_CORE/CompileFiles/lib_elements.o
LOAD ../CORE/PLC1_CORE/Src/lwip.o
LOAD ../CORE/PLC1_CORE/Src/main.o
LOAD ../CORE/PLC1_CORE/Src/rs485.o
LOAD ../CORE/PLC1_CORE/Src/rs485_protocol.o
LOAD ../CORE/PLC1_CORE/Src/spi.o
LOAD ../CORE/PLC1_CORE/Src/stm32f4xx_hal_msp.o
LOAD ../CORE/PLC1_CORE/Src/stm32f4xx_hal_timebase_tim.o
LOAD ../CORE/PLC1_CORE/Src/stm32f4xx_it.o
LOAD ../CORE/PLC1_CORE/Src/sys.o
LOAD ../CORE/PLC1_CORE/Src/syscalls.o
LOAD ../CORE/PLC1_CORE/Src/system_stm32f4xx.o
LOAD ../CORE/PLC1_CORE/Src/tcpserver.o
LOAD ../CORE/PLC1_CORE/Src/usart.o
LOAD ../CORE/PLC1_CORE/startup/startup_stm32f427xx.o
                0x00000080                malloc_getpagesize_P = 0x80
START GROUP
LOAD d:/mts/plc/ld_editor/build-editor-desktop_qt_5_13_0_msvc2017_64bit-release/release/arm-gcc/bin/../lib/gcc/arm-none-eabi/7.3.1/../../../../arm-none-eabi/lib/thumb/v7e-m/fpv4-sp/hard\libc_nano.a
LOAD d:/mts/plc/ld_editor/build-editor-desktop_qt_5_13_0_msvc2017_64bit-release/release/arm-gcc/bin/../lib/gcc/arm-none-eabi/7.3.1/../../../../arm-none-eabi/lib/thumb/v7e-m/fpv4-sp/hard\libm.a
END GROUP
START GROUP
LOAD d:/mts/plc/ld_editor/build-editor-desktop_qt_5_13_0_msvc2017_64bit-release/release/arm-gcc/bin/../lib/gcc/arm-none-eabi/7.3.1/thumb/v7e-m/fpv4-sp/hard\libgcc.a
LOAD d:/mts/plc/ld_editor/build-editor-desktop_qt_5_13_0_msvc2017_64bit-release/release/arm-gcc/bin/../lib/gcc/arm-none-eabi/7.3.1/../../../../arm-none-eabi/lib/thumb/v7e-m/fpv4-sp/hard\libc_nano.a
END GROUP
START GROUP
LOAD d:/mts/plc/ld_editor/build-editor-desktop_qt_5_13_0_msvc2017_64bit-release/release/arm-gcc/bin/../lib/gcc/arm-none-eabi/7.3.1/thumb/v7e-m/fpv4-sp/hard\libgcc.a
LOAD d:/mts/plc/ld_editor/build-editor-desktop_qt_5_13_0_msvc2017_64bit-release/release/arm-gcc/bin/../lib/gcc/arm-none-eabi/7.3.1/../../../../arm-none-eabi/lib/thumb/v7e-m/fpv4-sp/hard\libc_nano.a
LOAD d:/mts/plc/ld_editor/build-editor-desktop_qt_5_13_0_msvc2017_64bit-release/release/arm-gcc/bin/../lib/gcc/arm-none-eabi/7.3.1/../../../../arm-none-eabi/lib/thumb/v7e-m/fpv4-sp/hard\libnosys.a
END GROUP
START GROUP
LOAD d:/mts/plc/ld_editor/build-editor-desktop_qt_5_13_0_msvc2017_64bit-release/release/arm-gcc/bin/../lib/gcc/arm-none-eabi/7.3.1/thumb/v7e-m/fpv4-sp/hard\libgcc.a
LOAD d:/mts/plc/ld_editor/build-editor-desktop_qt_5_13_0_msvc2017_64bit-release/release/arm-gcc/bin/../lib/gcc/arm-none-eabi/7.3.1/../../../../arm-none-eabi/lib/thumb/v7e-m/fpv4-sp/hard\libc_nano.a
LOAD d:/mts/plc/ld_editor/build-editor-desktop_qt_5_13_0_msvc2017_64bit-release/release/arm-gcc/bin/../lib/gcc/arm-none-eabi/7.3.1/../../../../arm-none-eabi/lib/thumb/v7e-m/fpv4-sp/hard\libnosys.a
END GROUP
LOAD d:/mts/plc/ld_editor/build-editor-desktop_qt_5_13_0_msvc2017_64bit-release/release/arm-gcc/bin/../lib/gcc/arm-none-eabi/7.3.1/thumb/v7e-m/fpv4-sp/hard/crtend.o
LOAD d:/mts/plc/ld_editor/build-editor-desktop_qt_5_13_0_msvc2017_64bit-release/release/arm-gcc/bin/../lib/gcc/arm-none-eabi/7.3.1/thumb/v7e-m/fpv4-sp/hard/crtn.o
                0x10010000                _estack = 0x10010000
                0x00006000                _Min_Heap_Size = 0x6000
                0x00006000                _Min_Stack_Size = 0x6000

.isr_vector     0x08040000      0x1ac
                0x08040000                . = ALIGN (0x4)
 *(.isr_vector)
 .isr_vector    0x08040000      0x1ac ../CORE/PLC1_CORE/startup/startup_stm32f427xx.o
                0x08040000                g_pfnVectors
                0x080401ac                . = ALIGN (0x4)

.text           0x080401b0     0xf5bc
                0x080401b0                . = ALIGN (0x4)
 *(.text)
 .text          0x080401b0       0x40 d:/mts/plc/ld_editor/build-editor-desktop_qt_5_13_0_msvc2017_64bit-release/release/arm-gcc/bin/../lib/gcc/arm-none-eabi/7.3.1/thumb/v7e-m/fpv4-sp/hard/crtbegin.o
 .text          0x080401f0       0xa0 d:/mts/plc/ld_editor/build-editor-desktop_qt_5_13_0_msvc2017_64bit-release/release/arm-gcc/bin/../lib/gcc/arm-none-eabi/7.3.1/../../../../arm-none-eabi/lib/thumb/v7e-m/fpv4-sp/hard\libc_nano.a(lib_a-memchr.o)
                0x080401f0                memchr
 .text          0x08040290       0x30 d:/mts/plc/ld_editor/build-editor-desktop_qt_5_13_0_msvc2017_64bit-release/release/arm-gcc/bin/../lib/gcc/arm-none-eabi/7.3.1/thumb/v7e-m/fpv4-sp/hard\libgcc.a(_aeabi_uldivmod.o)
                0x08040290                __aeabi_uldivmod
 .text          0x080402c0      0x2cc d:/mts/plc/ld_editor/build-editor-desktop_qt_5_13_0_msvc2017_64bit-release/release/arm-gcc/bin/../lib/gcc/arm-none-eabi/7.3.1/thumb/v7e-m/fpv4-sp/hard\libgcc.a(_udivmoddi4.o)
                0x080402c0                __udivmoddi4
 .text          0x0804058c        0x4 d:/mts/plc/ld_editor/build-editor-desktop_qt_5_13_0_msvc2017_64bit-release/release/arm-gcc/bin/../lib/gcc/arm-none-eabi/7.3.1/thumb/v7e-m/fpv4-sp/hard\libgcc.a(_dvmd_tls.o)
                0x0804058c                __aeabi_idiv0
                0x0804058c                __aeabi_ldiv0
 *(.text*)
 .text.HAL_Init
                0x08040590       0x34 ../CORE/PLC1_CORE/Drivers/STM32F4xx_HAL_Driver/Src/stm32f4xx_hal.o
                0x08040590                HAL_Init
 .text.HAL_IncTick
                0x080405c4       0x18 ../CORE/PLC1_CORE/Drivers/STM32F4xx_HAL_Driver/Src/stm32f4xx_hal.o
                0x080405c4                HAL_IncTick
 .text.HAL_GetTick
                0x080405dc        0xc ../CORE/PLC1_CORE/Drivers/STM32F4xx_HAL_Driver/Src/stm32f4xx_hal.o
                0x080405dc                HAL_GetTick
 .text.HAL_Delay
                0x080405e8       0x28 ../CORE/PLC1_CORE/Drivers/STM32F4xx_HAL_Driver/Src/stm32f4xx_hal.o
                0x080405e8                HAL_Delay
 .text.HAL_NVIC_SetPriorityGrouping
                0x08040610       0x24 ../CORE/PLC1_CORE/Drivers/STM32F4xx_HAL_Driver/Src/stm32f4xx_hal_cortex.o
                0x08040610                HAL_NVIC_SetPriorityGrouping
 .text.HAL_NVIC_SetPriority
                0x08040634       0x68 ../CORE/PLC1_CORE/Drivers/STM32F4xx_HAL_Driver/Src/stm32f4xx_hal_cortex.o
                0x08040634                HAL_NVIC_SetPriority
 .text.HAL_NVIC_EnableIRQ
                0x0804069c       0x1c ../CORE/PLC1_CORE/Drivers/STM32F4xx_HAL_Driver/Src/stm32f4xx_hal_cortex.o
                0x0804069c                HAL_NVIC_EnableIRQ
 .text.DMA_CalcBaseAndBitshift
                0x080406b8       0x2c ../CORE/PLC1_CORE/Drivers/STM32F4xx_HAL_Driver/Src/stm32f4xx_hal_dma.o
 .text.HAL_DMA_Init
                0x080406e4       0xfc ../CORE/PLC1_CORE/Drivers/STM32F4xx_HAL_Driver/Src/stm32f4xx_hal_dma.o
                0x080406e4                HAL_DMA_Init
 .text.HAL_DMA_Start_IT
                0x080407e0       0x7c ../CORE/PLC1_CORE/Drivers/STM32F4xx_HAL_Driver/Src/stm32f4xx_hal_dma.o
                0x080407e0                HAL_DMA_Start_IT
 .text.HAL_DMA_IRQHandler
                0x0804085c      0x174 ../CORE/PLC1_CORE/Drivers/STM32F4xx_HAL_Driver/Src/stm32f4xx_hal_dma.o
                0x0804085c                HAL_DMA_IRQHandler
 .text.ETH_Delay.constprop.4
                0x080409d0       0x24 ../CORE/PLC1_CORE/Drivers/STM32F4xx_HAL_Driver/Src/stm32f4xx_hal_eth.o
 .text.ETH_FlushTransmitFIFO
                0x080409f4       0x28 ../CORE/PLC1_CORE/Drivers/STM32F4xx_HAL_Driver/Src/stm32f4xx_hal_eth.o
 .text.ETH_MACDMAConfig
                0x08040a1c       0xf8 ../CORE/PLC1_CORE/Drivers/STM32F4xx_HAL_Driver/Src/stm32f4xx_hal_eth.o
 .text.HAL_ETH_DMATxDescListInit
                0x08040b14       0x7a ../CORE/PLC1_CORE/Drivers/STM32F4xx_HAL_Driver/Src/stm32f4xx_hal_eth.o
                0x08040b14                HAL_ETH_DMATxDescListInit
 .text.HAL_ETH_DMARxDescListInit
                0x08040b8e       0x78 ../CORE/PLC1_CORE/Drivers/STM32F4xx_HAL_Driver/Src/stm32f4xx_hal_eth.o
                0x08040b8e                HAL_ETH_DMARxDescListInit
 *fill*         0x08040c06        0x2 
 .text.HAL_ETH_TransmitFrame
                0x08040c08       0xe8 ../CORE/PLC1_CORE/Drivers/STM32F4xx_HAL_Driver/Src/stm32f4xx_hal_eth.o
                0x08040c08                HAL_ETH_TransmitFrame
 .text.HAL_ETH_GetReceivedFrame_IT
                0x08040cf0       0x8a ../CORE/PLC1_CORE/Drivers/STM32F4xx_HAL_Driver/Src/stm32f4xx_hal_eth.o
                0x08040cf0                HAL_ETH_GetReceivedFrame_IT
 .text.HAL_ETH_TxCpltCallback
                0x08040d7a        0x2 ../CORE/PLC1_CORE/Drivers/STM32F4xx_HAL_Driver/Src/stm32f4xx_hal_eth.o
                0x08040d7a                HAL_ETH_TxCpltCallback
 .text.HAL_ETH_ErrorCallback
                0x08040d7c        0x2 ../CORE/PLC1_CORE/Drivers/STM32F4xx_HAL_Driver/Src/stm32f4xx_hal_eth.o
                0x08040d7c                HAL_ETH_ErrorCallback
 .text.HAL_ETH_IRQHandler
                0x08040d7e       0x70 ../CORE/PLC1_CORE/Drivers/STM32F4xx_HAL_Driver/Src/stm32f4xx_hal_eth.o
                0x08040d7e                HAL_ETH_IRQHandler
 .text.HAL_ETH_ReadPHYRegister
                0x08040dee       0x74 ../CORE/PLC1_CORE/Drivers/STM32F4xx_HAL_Driver/Src/stm32f4xx_hal_eth.o
                0x08040dee                HAL_ETH_ReadPHYRegister
 .text.HAL_ETH_WritePHYRegister
                0x08040e62       0x6e ../CORE/PLC1_CORE/Drivers/STM32F4xx_HAL_Driver/Src/stm32f4xx_hal_eth.o
                0x08040e62                HAL_ETH_WritePHYRegister
 .text.HAL_ETH_Init
                0x08040ed0      0x1f8 ../CORE/PLC1_CORE/Drivers/STM32F4xx_HAL_Driver/Src/stm32f4xx_hal_eth.o
                0x08040ed0                HAL_ETH_Init
 .text.HAL_ETH_Start
                0x080410c8       0x78 ../CORE/PLC1_CORE/Drivers/STM32F4xx_HAL_Driver/Src/stm32f4xx_hal_eth.o
                0x080410c8                HAL_ETH_Start
 .text.FLASH_Program_DoubleWord
                0x08041140       0x28 ../CORE/PLC1_CORE/Drivers/STM32F4xx_HAL_Driver/Src/stm32f4xx_hal_flash.o
 .text.FLASH_Program_Word
                0x08041168       0x24 ../CORE/PLC1_CORE/Drivers/STM32F4xx_HAL_Driver/Src/stm32f4xx_hal_flash.o
 .text.FLASH_Program_HalfWord
                0x0804118c       0x24 ../CORE/PLC1_CORE/Drivers/STM32F4xx_HAL_Driver/Src/stm32f4xx_hal_flash.o
 .text.FLASH_SetErrorCode
                0x080411b0       0x8c ../CORE/PLC1_CORE/Drivers/STM32F4xx_HAL_Driver/Src/stm32f4xx_hal_flash.o
 .text.HAL_FLASH_Unlock
                0x0804123c       0x24 ../CORE/PLC1_CORE/Drivers/STM32F4xx_HAL_Driver/Src/stm32f4xx_hal_flash.o
                0x0804123c                HAL_FLASH_Unlock
 .text.FLASH_WaitForLastOperation
                0x08041260       0x54 ../CORE/PLC1_CORE/Drivers/STM32F4xx_HAL_Driver/Src/stm32f4xx_hal_flash.o
                0x08041260                FLASH_WaitForLastOperation
 .text.HAL_FLASH_Program
                0x080412b4       0x90 ../CORE/PLC1_CORE/Drivers/STM32F4xx_HAL_Driver/Src/stm32f4xx_hal_flash.o
                0x080412b4                HAL_FLASH_Program
 .text.FLASH_MassErase
                0x08041344       0x38 ../CORE/PLC1_CORE/Drivers/STM32F4xx_HAL_Driver/Src/stm32f4xx_hal_flash_ex.o
 .text.FLASH_Erase_Sector
                0x0804137c       0x50 ../CORE/PLC1_CORE/Drivers/STM32F4xx_HAL_Driver/Src/stm32f4xx_hal_flash_ex.o
                0x0804137c                FLASH_Erase_Sector
 .text.FLASH_FlushCaches
                0x080413cc       0x58 ../CORE/PLC1_CORE/Drivers/STM32F4xx_HAL_Driver/Src/stm32f4xx_hal_flash_ex.o
                0x080413cc                FLASH_FlushCaches
 .text.HAL_FLASHEx_Erase
                0x08041424       0xa4 ../CORE/PLC1_CORE/Drivers/STM32F4xx_HAL_Driver/Src/stm32f4xx_hal_flash_ex.o
                0x08041424                HAL_FLASHEx_Erase
 .text.HAL_GPIO_Init
                0x080414c8      0x1d8 ../CORE/PLC1_CORE/Drivers/STM32F4xx_HAL_Driver/Src/stm32f4xx_hal_gpio.o
                0x080414c8                HAL_GPIO_Init
 .text.HAL_GPIO_WritePin
                0x080416a0        0xa ../CORE/PLC1_CORE/Drivers/STM32F4xx_HAL_Driver/Src/stm32f4xx_hal_gpio.o
                0x080416a0                HAL_GPIO_WritePin
 *fill*         0x080416aa        0x2 
 .text.HAL_PWREx_EnableOverDrive
                0x080416ac       0x78 ../CORE/PLC1_CORE/Drivers/STM32F4xx_HAL_Driver/Src/stm32f4xx_hal_pwr_ex.o
                0x080416ac                HAL_PWREx_EnableOverDrive
 .text.HAL_RCC_OscConfig
                0x08041724      0x304 ../CORE/PLC1_CORE/Drivers/STM32F4xx_HAL_Driver/Src/stm32f4xx_hal_rcc.o
                0x08041724                HAL_RCC_OscConfig
 .text.HAL_RCC_GetSysClockFreq
                0x08041a28       0x5c ../CORE/PLC1_CORE/Drivers/STM32F4xx_HAL_Driver/Src/stm32f4xx_hal_rcc.o
                0x08041a28                HAL_RCC_GetSysClockFreq
 .text.HAL_RCC_ClockConfig
                0x08041a84      0x134 ../CORE/PLC1_CORE/Drivers/STM32F4xx_HAL_Driver/Src/stm32f4xx_hal_rcc.o
                0x08041a84                HAL_RCC_ClockConfig
 .text.HAL_RCC_GetHCLKFreq
                0x08041bb8        0xc ../CORE/PLC1_CORE/Drivers/STM32F4xx_HAL_Driver/Src/stm32f4xx_hal_rcc.o
                0x08041bb8                HAL_RCC_GetHCLKFreq
 .text.HAL_RCC_GetPCLK2Freq
                0x08041bc4       0x20 ../CORE/PLC1_CORE/Drivers/STM32F4xx_HAL_Driver/Src/stm32f4xx_hal_rcc.o
                0x08041bc4                HAL_RCC_GetPCLK2Freq
 .text.HAL_RCC_GetClockConfig
                0x08041be4       0x3c ../CORE/PLC1_CORE/Drivers/STM32F4xx_HAL_Driver/Src/stm32f4xx_hal_rcc.o
                0x08041be4                HAL_RCC_GetClockConfig
 .text.SPI_WaitFlagStateUntilTimeout.constprop.9
                0x08041c20       0x76 ../CORE/PLC1_CORE/Drivers/STM32F4xx_HAL_Driver/Src/stm32f4xx_hal_spi.o
 .text.SPI_EndRxTransaction
                0x08041c96       0x54 ../CORE/PLC1_CORE/Drivers/STM32F4xx_HAL_Driver/Src/stm32f4xx_hal_spi.o
 *fill*         0x08041cea        0x2 
 .text.SPI_EndRxTxTransaction
                0x08041cec       0x5c ../CORE/PLC1_CORE/Drivers/STM32F4xx_HAL_Driver/Src/stm32f4xx_hal_spi.o
 .text.HAL_SPI_Init
                0x08041d48       0x7a ../CORE/PLC1_CORE/Drivers/STM32F4xx_HAL_Driver/Src/stm32f4xx_hal_spi.o
                0x08041d48                HAL_SPI_Init
 *fill*         0x08041dc2        0x2 
 .text.HAL_SPI_TransmitReceive_DMA
                0x08041dc4      0x10c ../CORE/PLC1_CORE/Drivers/STM32F4xx_HAL_Driver/Src/stm32f4xx_hal_spi.o
                0x08041dc4                HAL_SPI_TransmitReceive_DMA
 .text.HAL_SPI_RxCpltCallback
                0x08041ed0        0x2 ../CORE/PLC1_CORE/Drivers/STM32F4xx_HAL_Driver/Src/stm32f4xx_hal_spi.o
                0x08041ed0                HAL_SPI_RxCpltCallback
 .text.HAL_SPI_TxRxCpltCallback
                0x08041ed2        0x2 ../CORE/PLC1_CORE/Drivers/STM32F4xx_HAL_Driver/Src/stm32f4xx_hal_spi.o
                0x08041ed2                HAL_SPI_TxRxCpltCallback
 .text.HAL_SPI_RxHalfCpltCallback
                0x08041ed4        0x2 ../CORE/PLC1_CORE/Drivers/STM32F4xx_HAL_Driver/Src/stm32f4xx_hal_spi.o
                0x08041ed4                HAL_SPI_RxHalfCpltCallback
 .text.SPI_DMAHalfReceiveCplt
                0x08041ed6        0xa ../CORE/PLC1_CORE/Drivers/STM32F4xx_HAL_Driver/Src/stm32f4xx_hal_spi.o
 .text.HAL_SPI_TxRxHalfCpltCallback
                0x08041ee0        0x2 ../CORE/PLC1_CORE/Drivers/STM32F4xx_HAL_Driver/Src/stm32f4xx_hal_spi.o
                0x08041ee0                HAL_SPI_TxRxHalfCpltCallback
 .text.SPI_DMAHalfTransmitReceiveCplt
                0x08041ee2        0xa ../CORE/PLC1_CORE/Drivers/STM32F4xx_HAL_Driver/Src/stm32f4xx_hal_spi.o
 .text.HAL_SPI_ErrorCallback
                0x08041eec        0x2 ../CORE/PLC1_CORE/Drivers/STM32F4xx_HAL_Driver/Src/stm32f4xx_hal_spi.o
                0x08041eec                HAL_SPI_ErrorCallback
 .text.SPI_DMAError
                0x08041eee       0x22 ../CORE/PLC1_CORE/Drivers/STM32F4xx_HAL_Driver/Src/stm32f4xx_hal_spi.o
 .text.SPI_DMAReceiveCplt
                0x08041f10       0x52 ../CORE/PLC1_CORE/Drivers/STM32F4xx_HAL_Driver/Src/stm32f4xx_hal_spi.o
 .text.SPI_DMATransmitReceiveCplt
                0x08041f62       0x5a ../CORE/PLC1_CORE/Drivers/STM32F4xx_HAL_Driver/Src/stm32f4xx_hal_spi.o
 .text.HAL_TIM_Base_MspInit
                0x08041fbc        0x2 ../CORE/PLC1_CORE/Drivers/STM32F4xx_HAL_Driver/Src/stm32f4xx_hal_tim.o
                0x08041fbc                HAL_TIM_Base_MspInit
 .text.HAL_TIM_Base_Start_IT
                0x08041fbe       0x20 ../CORE/PLC1_CORE/Drivers/STM32F4xx_HAL_Driver/Src/stm32f4xx_hal_tim.o
                0x08041fbe                HAL_TIM_Base_Start_IT
 .text.HAL_TIM_OC_DelayElapsedCallback
                0x08041fde        0x2 ../CORE/PLC1_CORE/Drivers/STM32F4xx_HAL_Driver/Src/stm32f4xx_hal_tim.o
                0x08041fde                HAL_TIM_OC_DelayElapsedCallback
 .text.HAL_TIM_IC_CaptureCallback
                0x08041fe0        0x2 ../CORE/PLC1_CORE/Drivers/STM32F4xx_HAL_Driver/Src/stm32f4xx_hal_tim.o
                0x08041fe0                HAL_TIM_IC_CaptureCallback
 .text.HAL_TIM_PWM_PulseFinishedCallback
                0x08041fe2        0x2 ../CORE/PLC1_CORE/Drivers/STM32F4xx_HAL_Driver/Src/stm32f4xx_hal_tim.o
                0x08041fe2                HAL_TIM_PWM_PulseFinishedCallback
 .text.HAL_TIM_TriggerCallback
                0x08041fe4        0x2 ../CORE/PLC1_CORE/Drivers/STM32F4xx_HAL_Driver/Src/stm32f4xx_hal_tim.o
                0x08041fe4                HAL_TIM_TriggerCallback
 .text.HAL_TIM_IRQHandler
                0x08041fe6      0x144 ../CORE/PLC1_CORE/Drivers/STM32F4xx_HAL_Driver/Src/stm32f4xx_hal_tim.o
                0x08041fe6                HAL_TIM_IRQHandler
 *fill*         0x0804212a        0x2 
 .text.TIM_Base_SetConfig
                0x0804212c       0xcc ../CORE/PLC1_CORE/Drivers/STM32F4xx_HAL_Driver/Src/stm32f4xx_hal_tim.o
                0x0804212c                TIM_Base_SetConfig
 .text.HAL_TIM_Base_Init
                0x080421f8       0x34 ../CORE/PLC1_CORE/Drivers/STM32F4xx_HAL_Driver/Src/stm32f4xx_hal_tim.o
                0x080421f8                HAL_TIM_Base_Init
 .text.HAL_TIMEx_CommutCallback
                0x0804222c        0x2 ../CORE/PLC1_CORE/Drivers/STM32F4xx_HAL_Driver/Src/stm32f4xx_hal_tim_ex.o
                0x0804222c                HAL_TIMEx_CommutCallback
 .text.HAL_TIMEx_BreakCallback
                0x0804222e        0x2 ../CORE/PLC1_CORE/Drivers/STM32F4xx_HAL_Driver/Src/stm32f4xx_hal_tim_ex.o
                0x0804222e                HAL_TIMEx_BreakCallback
 .text.LL_GPIO_Init
                0x08042230      0x144 ../CORE/PLC1_CORE/Drivers/STM32F4xx_HAL_Driver/Src/stm32f4xx_ll_gpio.o
                0x08042230                LL_GPIO_Init
 .text.RCC_GetHCLKClockFreq
                0x08042374       0x18 ../CORE/PLC1_CORE/Drivers/STM32F4xx_HAL_Driver/Src/stm32f4xx_ll_rcc.o
                0x08042374                RCC_GetHCLKClockFreq
 .text.RCC_GetPCLK1ClockFreq
                0x0804238c       0x18 ../CORE/PLC1_CORE/Drivers/STM32F4xx_HAL_Driver/Src/stm32f4xx_ll_rcc.o
                0x0804238c                RCC_GetPCLK1ClockFreq
 .text.RCC_GetPCLK2ClockFreq
                0x080423a4       0x18 ../CORE/PLC1_CORE/Drivers/STM32F4xx_HAL_Driver/Src/stm32f4xx_ll_rcc.o
                0x080423a4                RCC_GetPCLK2ClockFreq
 .text.RCC_PLL_GetFreqDomain_SYS
                0x080423bc       0x4c ../CORE/PLC1_CORE/Drivers/STM32F4xx_HAL_Driver/Src/stm32f4xx_ll_rcc.o
                0x080423bc                RCC_PLL_GetFreqDomain_SYS
 .text.RCC_GetSystemClockFreq
                0x08042408       0x28 ../CORE/PLC1_CORE/Drivers/STM32F4xx_HAL_Driver/Src/stm32f4xx_ll_rcc.o
                0x08042408                RCC_GetSystemClockFreq
 .text.LL_RCC_GetSystemClocksFreq
                0x08042430       0x20 ../CORE/PLC1_CORE/Drivers/STM32F4xx_HAL_Driver/Src/stm32f4xx_ll_rcc.o
                0x08042430                LL_RCC_GetSystemClocksFreq
 .text.LL_USART_Init
                0x08042450      0x108 ../CORE/PLC1_CORE/Drivers/STM32F4xx_HAL_Driver/Src/stm32f4xx_ll_usart.o
                0x08042450                LL_USART_Init
 .text.osKernelStart
                0x08042558        0xa ../CORE/PLC1_CORE/Middlewares/Third_Party/FreeRTOS/Source/CMSIS_RTOS/cmsis_os.o
                0x08042558                osKernelStart
 .text.osKernelSysTick
                0x08042562        0xe ../CORE/PLC1_CORE/Middlewares/Third_Party/FreeRTOS/Source/CMSIS_RTOS/cmsis_os.o
                0x08042562                osKernelSysTick
 .text.osThreadCreate
                0x08042570       0x50 ../CORE/PLC1_CORE/Middlewares/Third_Party/FreeRTOS/Source/CMSIS_RTOS/cmsis_os.o
                0x08042570                osThreadCreate
 .text.osDelay  0x080425c0       0x10 ../CORE/PLC1_CORE/Middlewares/Third_Party/FreeRTOS/Source/CMSIS_RTOS/cmsis_os.o
                0x080425c0                osDelay
 .text.osMutexCreate
                0x080425d0        0xe ../CORE/PLC1_CORE/Middlewares/Third_Party/FreeRTOS/Source/CMSIS_RTOS/cmsis_os.o
                0x080425d0                osMutexCreate
 *fill*         0x080425de        0x2 
 .text.osMutexWait
                0x080425e0       0x4c ../CORE/PLC1_CORE/Middlewares/Third_Party/FreeRTOS/Source/CMSIS_RTOS/cmsis_os.o
                0x080425e0                osMutexWait
 .text.osSemaphoreCreate
                0x0804262c       0x4c ../CORE/PLC1_CORE/Middlewares/Third_Party/FreeRTOS/Source/CMSIS_RTOS/cmsis_os.o
                0x0804262c                osSemaphoreCreate
 .text.osSemaphoreWait
                0x08042678       0x4c ../CORE/PLC1_CORE/Middlewares/Third_Party/FreeRTOS/Source/CMSIS_RTOS/cmsis_os.o
                0x08042678                osSemaphoreWait
 .text.osSemaphoreRelease
                0x080426c4       0x48 ../CORE/PLC1_CORE/Middlewares/Third_Party/FreeRTOS/Source/CMSIS_RTOS/cmsis_os.o
                0x080426c4                osSemaphoreRelease
 .text.osMutexRelease
                0x0804270c        0x4 ../CORE/PLC1_CORE/Middlewares/Third_Party/FreeRTOS/Source/CMSIS_RTOS/cmsis_os.o
                0x0804270c                osMutexRelease
 .text.osMessageCreate
                0x08042710       0x28 ../CORE/PLC1_CORE/Middlewares/Third_Party/FreeRTOS/Source/CMSIS_RTOS/cmsis_os.o
                0x08042710                osMessageCreate
 .text.osMessagePut
                0x08042738       0x50 ../CORE/PLC1_CORE/Middlewares/Third_Party/FreeRTOS/Source/CMSIS_RTOS/cmsis_os.o
                0x08042738                osMessagePut
 .text.osMessageGet
                0x08042788       0x74 ../CORE/PLC1_CORE/Middlewares/Third_Party/FreeRTOS/Source/CMSIS_RTOS/cmsis_os.o
                0x08042788                osMessageGet
 .text.osMessageWaiting
                0x080427fc        0xe ../CORE/PLC1_CORE/Middlewares/Third_Party/FreeRTOS/Source/CMSIS_RTOS/cmsis_os.o
                0x080427fc                osMessageWaiting
 .text.osMessageDelete
                0x0804280a       0x14 ../CORE/PLC1_CORE/Middlewares/Third_Party/FreeRTOS/Source/CMSIS_RTOS/cmsis_os.o
                0x0804280a                osMessageDelete
 .text.osSemaphoreDelete
                0x0804281e        0x4 ../CORE/PLC1_CORE/Middlewares/Third_Party/FreeRTOS/Source/CMSIS_RTOS/cmsis_os.o
                0x0804281e                osSemaphoreDelete
 .text.vListInitialise
                0x08042822       0x16 ../CORE/PLC1_CORE/Middlewares/Third_Party/FreeRTOS/Source/list.o
                0x08042822                vListInitialise
 .text.vListInitialiseItem
                0x08042838        0x6 ../CORE/PLC1_CORE/Middlewares/Third_Party/FreeRTOS/Source/list.o
                0x08042838                vListInitialiseItem
 .text.vListInsertEnd
                0x0804283e       0x18 ../CORE/PLC1_CORE/Middlewares/Third_Party/FreeRTOS/Source/list.o
                0x0804283e                vListInsertEnd
 .text.vListInsert
                0x08042856       0x2e ../CORE/PLC1_CORE/Middlewares/Third_Party/FreeRTOS/Source/list.o
                0x08042856                vListInsert
 .text.uxListRemove
                0x08042884       0x22 ../CORE/PLC1_CORE/Middlewares/Third_Party/FreeRTOS/Source/list.o
                0x08042884                uxListRemove
 *fill*         0x080428a6        0x2 
 .text.prvTaskExitError
                0x080428a8       0x40 ../CORE/PLC1_CORE/Middlewares/Third_Party/FreeRTOS/Source/portable/GCC/ARM_CM4F/port.o
 .text.unlikely.prvPortStartFirstTask
                0x080428e8       0x28 ../CORE/PLC1_CORE/Middlewares/Third_Party/FreeRTOS/Source/portable/GCC/ARM_CM4F/port.o
 .text.unlikely.vPortEnableVFP
                0x08042910       0x14 ../CORE/PLC1_CORE/Middlewares/Third_Party/FreeRTOS/Source/portable/GCC/ARM_CM4F/port.o
 .text.pxPortInitialiseStack
                0x08042924       0x2c ../CORE/PLC1_CORE/Middlewares/Third_Party/FreeRTOS/Source/portable/GCC/ARM_CM4F/port.o
                0x08042924                pxPortInitialiseStack
 .text.SVC_Handler
                0x08042950       0x24 ../CORE/PLC1_CORE/Middlewares/Third_Party/FreeRTOS/Source/portable/GCC/ARM_CM4F/port.o
                0x08042950                SVC_Handler
 .text.vPortEnterCritical
                0x08042974       0x44 ../CORE/PLC1_CORE/Middlewares/Third_Party/FreeRTOS/Source/portable/GCC/ARM_CM4F/port.o
                0x08042974                vPortEnterCritical
 .text.vPortExitCritical
                0x080429b8       0x28 ../CORE/PLC1_CORE/Middlewares/Third_Party/FreeRTOS/Source/portable/GCC/ARM_CM4F/port.o
                0x080429b8                vPortExitCritical
 .text.PendSV_Handler
                0x080429e0       0x64 ../CORE/PLC1_CORE/Middlewares/Third_Party/FreeRTOS/Source/portable/GCC/ARM_CM4F/port.o
                0x080429e0                PendSV_Handler
 .text.SysTick_Handler
                0x08042a44       0x2c ../CORE/PLC1_CORE/Middlewares/Third_Party/FreeRTOS/Source/portable/GCC/ARM_CM4F/port.o
                0x08042a44                SysTick_Handler
 .text.vPortSetupTimerInterrupt
                0x08042a70       0x34 ../CORE/PLC1_CORE/Middlewares/Third_Party/FreeRTOS/Source/portable/GCC/ARM_CM4F/port.o
                0x08042a70                vPortSetupTimerInterrupt
 .text.xPortStartScheduler
                0x08042aa4      0x10c ../CORE/PLC1_CORE/Middlewares/Third_Party/FreeRTOS/Source/portable/GCC/ARM_CM4F/port.o
                0x08042aa4                xPortStartScheduler
 .text.vPortValidateInterruptPriority
                0x08042bb0       0x5c ../CORE/PLC1_CORE/Middlewares/Third_Party/FreeRTOS/Source/portable/GCC/ARM_CM4F/port.o
                0x08042bb0                vPortValidateInterruptPriority
 .text.unlikely.prvInsertBlockIntoFreeList
                0x08042c0c       0x48 ../CORE/PLC1_CORE/Middlewares/Third_Party/FreeRTOS/Source/portable/MemMang/heap_4.o
 .text.pvPortMalloc
                0x08042c54      0x11c ../CORE/PLC1_CORE/Middlewares/Third_Party/FreeRTOS/Source/portable/MemMang/heap_4.o
                0x08042c54                pvPortMalloc
 .text.vPortFree
                0x08042d70       0x70 ../CORE/PLC1_CORE/Middlewares/Third_Party/FreeRTOS/Source/portable/MemMang/heap_4.o
                0x08042d70                vPortFree
 .text.prvIsQueueEmpty
                0x08042de0       0x16 ../CORE/PLC1_CORE/Middlewares/Third_Party/FreeRTOS/Source/queue.o
 .text.unlikely.prvCopyDataToQueue
                0x08042df6       0x66 ../CORE/PLC1_CORE/Middlewares/Third_Party/FreeRTOS/Source/queue.o
 .text.unlikely.prvCopyDataFromQueue
                0x08042e5c       0x2a ../CORE/PLC1_CORE/Middlewares/Third_Party/FreeRTOS/Source/queue.o
 .text.prvUnlockQueue
                0x08042e86       0x70 ../CORE/PLC1_CORE/Middlewares/Third_Party/FreeRTOS/Source/queue.o
 *fill*         0x08042ef6        0x2 
 .text.xQueueGenericReset
                0x08042ef8       0x80 ../CORE/PLC1_CORE/Middlewares/Third_Party/FreeRTOS/Source/queue.o
                0x08042ef8                xQueueGenericReset
 .text.xQueueGenericCreateStatic
                0x08042f78       0x92 ../CORE/PLC1_CORE/Middlewares/Third_Party/FreeRTOS/Source/queue.o
                0x08042f78                xQueueGenericCreateStatic
 .text.xQueueGenericCreate
                0x0804300a       0x48 ../CORE/PLC1_CORE/Middlewares/Third_Party/FreeRTOS/Source/queue.o
                0x0804300a                xQueueGenericCreate
 *fill*         0x08043052        0x2 
 .text.xQueueGenericSend
                0x08043054      0x16c ../CORE/PLC1_CORE/Middlewares/Third_Party/FreeRTOS/Source/queue.o
                0x08043054                xQueueGenericSend
 .text.prvInitialiseMutex
                0x080431c0       0x14 ../CORE/PLC1_CORE/Middlewares/Third_Party/FreeRTOS/Source/queue.o
 .text.xQueueCreateMutex
                0x080431d4       0x16 ../CORE/PLC1_CORE/Middlewares/Third_Party/FreeRTOS/Source/queue.o
                0x080431d4                xQueueCreateMutex
 .text.xQueueCreateMutexStatic
                0x080431ea       0x1c ../CORE/PLC1_CORE/Middlewares/Third_Party/FreeRTOS/Source/queue.o
                0x080431ea                xQueueCreateMutexStatic
 .text.xQueueGenericSendFromISR
                0x08043206       0xc4 ../CORE/PLC1_CORE/Middlewares/Third_Party/FreeRTOS/Source/queue.o
                0x08043206                xQueueGenericSendFromISR
 .text.xQueueGiveFromISR
                0x080432ca       0xa8 ../CORE/PLC1_CORE/Middlewares/Third_Party/FreeRTOS/Source/queue.o
                0x080432ca                xQueueGiveFromISR
 *fill*         0x08043372        0x2 
 .text.xQueueReceive
                0x08043374      0x148 ../CORE/PLC1_CORE/Middlewares/Third_Party/FreeRTOS/Source/queue.o
                0x08043374                xQueueReceive
 .text.xQueueSemaphoreTake
                0x080434bc      0x180 ../CORE/PLC1_CORE/Middlewares/Third_Party/FreeRTOS/Source/queue.o
                0x080434bc                xQueueSemaphoreTake
 .text.xQueueReceiveFromISR
                0x0804363c       0xa0 ../CORE/PLC1_CORE/Middlewares/Third_Party/FreeRTOS/Source/queue.o
                0x0804363c                xQueueReceiveFromISR
 .text.uxQueueMessagesWaiting
                0x080436dc       0x26 ../CORE/PLC1_CORE/Middlewares/Third_Party/FreeRTOS/Source/queue.o
                0x080436dc                uxQueueMessagesWaiting
 .text.uxQueueMessagesWaitingFromISR
                0x08043702       0x18 ../CORE/PLC1_CORE/Middlewares/Third_Party/FreeRTOS/Source/queue.o
                0x08043702                uxQueueMessagesWaitingFromISR
 *fill*         0x0804371a        0x2 
 .text.vQueueUnregisterQueue
                0x0804371c       0x28 ../CORE/PLC1_CORE/Middlewares/Third_Party/FreeRTOS/Source/queue.o
                0x0804371c                vQueueUnregisterQueue
 .text.vQueueDelete
                0x08043744       0x2e ../CORE/PLC1_CORE/Middlewares/Third_Party/FreeRTOS/Source/queue.o
                0x08043744                vQueueDelete
 *fill*         0x08043772        0x2 
 .text.prvAddNewTaskToReadyList
                0x08043774       0xf8 ../CORE/PLC1_CORE/Middlewares/Third_Party/FreeRTOS/Source/tasks.o
 .text.prvResetNextTaskUnblockTime
                0x0804386c       0x24 ../CORE/PLC1_CORE/Middlewares/Third_Party/FreeRTOS/Source/tasks.o
 .text.prvInitialiseNewTask.isra.2
                0x08043890       0x82 ../CORE/PLC1_CORE/Middlewares/Third_Party/FreeRTOS/Source/tasks.o
 .text.prvDeleteTCB
                0x08043912       0x36 ../CORE/PLC1_CORE/Middlewares/Third_Party/FreeRTOS/Source/tasks.o
 .text.prvIdleTask
                0x08043948       0x64 ../CORE/PLC1_CORE/Middlewares/Third_Party/FreeRTOS/Source/tasks.o
 .text.prvAddCurrentTaskToDelayedList
                0x080439ac       0x8c ../CORE/PLC1_CORE/Middlewares/Third_Party/FreeRTOS/Source/tasks.o
 .text.xTaskCreateStatic
                0x08043a38       0x6e ../CORE/PLC1_CORE/Middlewares/Third_Party/FreeRTOS/Source/tasks.o
                0x08043a38                xTaskCreateStatic
 .text.xTaskCreate
                0x08043aa6       0x5a ../CORE/PLC1_CORE/Middlewares/Third_Party/FreeRTOS/Source/tasks.o
                0x08043aa6                xTaskCreate
 .text.vTaskDelete
                0x08043b00       0xd4 ../CORE/PLC1_CORE/Middlewares/Third_Party/FreeRTOS/Source/tasks.o
                0x08043b00                vTaskDelete
 .text.vTaskStartScheduler
                0x08043bd4       0x6c ../CORE/PLC1_CORE/Middlewares/Third_Party/FreeRTOS/Source/tasks.o
                0x08043bd4                vTaskStartScheduler
 .text.vTaskSuspendAll
                0x08043c40       0x10 ../CORE/PLC1_CORE/Middlewares/Third_Party/FreeRTOS/Source/tasks.o
                0x08043c40                vTaskSuspendAll
 .text.xTaskGetTickCount
                0x08043c50        0xc ../CORE/PLC1_CORE/Middlewares/Third_Party/FreeRTOS/Source/tasks.o
                0x08043c50                xTaskGetTickCount
 .text.xTaskGetTickCountFromISR
                0x08043c5c       0x10 ../CORE/PLC1_CORE/Middlewares/Third_Party/FreeRTOS/Source/tasks.o
                0x08043c5c                xTaskGetTickCountFromISR
 .text.xTaskIncrementTick
                0x08043c6c      0x124 ../CORE/PLC1_CORE/Middlewares/Third_Party/FreeRTOS/Source/tasks.o
                0x08043c6c                xTaskIncrementTick
 .text.xTaskResumeAll
                0x08043d90       0xf0 ../CORE/PLC1_CORE/Middlewares/Third_Party/FreeRTOS/Source/tasks.o
                0x08043d90                xTaskResumeAll
 .text.vTaskDelay
                0x08043e80       0x48 ../CORE/PLC1_CORE/Middlewares/Third_Party/FreeRTOS/Source/tasks.o
                0x08043e80                vTaskDelay
 .text.vTaskSwitchContext
                0x08043ec8       0x74 ../CORE/PLC1_CORE/Middlewares/Third_Party/FreeRTOS/Source/tasks.o
                0x08043ec8                vTaskSwitchContext
 .text.vTaskPlaceOnEventList
                0x08043f3c       0x34 ../CORE/PLC1_CORE/Middlewares/Third_Party/FreeRTOS/Source/tasks.o
                0x08043f3c                vTaskPlaceOnEventList
 .text.xTaskRemoveFromEventList
                0x08043f70       0x84 ../CORE/PLC1_CORE/Middlewares/Third_Party/FreeRTOS/Source/tasks.o
                0x08043f70                xTaskRemoveFromEventList
 .text.vTaskInternalSetTimeOutState
                0x08043ff4       0x18 ../CORE/PLC1_CORE/Middlewares/Third_Party/FreeRTOS/Source/tasks.o
                0x08043ff4                vTaskInternalSetTimeOutState
 .text.xTaskCheckForTimeOut
                0x0804400c       0x78 ../CORE/PLC1_CORE/Middlewares/Third_Party/FreeRTOS/Source/tasks.o
                0x0804400c                xTaskCheckForTimeOut
 .text.vTaskMissedYield
                0x08044084        0xc ../CORE/PLC1_CORE/Middlewares/Third_Party/FreeRTOS/Source/tasks.o
                0x08044084                vTaskMissedYield
 .text.xTaskGetSchedulerState
                0x08044090       0x20 ../CORE/PLC1_CORE/Middlewares/Third_Party/FreeRTOS/Source/tasks.o
                0x08044090                xTaskGetSchedulerState
 .text.xTaskPriorityInherit
                0x080440b0       0xa8 ../CORE/PLC1_CORE/Middlewares/Third_Party/FreeRTOS/Source/tasks.o
                0x080440b0                xTaskPriorityInherit
 .text.xTaskPriorityDisinherit
                0x08044158       0xa0 ../CORE/PLC1_CORE/Middlewares/Third_Party/FreeRTOS/Source/tasks.o
                0x08044158                xTaskPriorityDisinherit
 .text.vTaskPriorityDisinheritAfterTimeout
                0x080441f8       0xb4 ../CORE/PLC1_CORE/Middlewares/Third_Party/FreeRTOS/Source/tasks.o
                0x080441f8                vTaskPriorityDisinheritAfterTimeout
 .text.pvTaskIncrementMutexHeldCount
                0x080442ac       0x18 ../CORE/PLC1_CORE/Middlewares/Third_Party/FreeRTOS/Source/tasks.o
                0x080442ac                pvTaskIncrementMutexHeldCount
 .text.netconn_apimsg
                0x080442c4       0x14 ../CORE/PLC1_CORE/Middlewares/Third_Party/LwIP/src/api/api_lib.o
 .text.netconn_close_shutdown
                0x080442d8       0x44 ../CORE/PLC1_CORE/Middlewares/Third_Party/LwIP/src/api/api_lib.o
 .text.netconn_recv_data
                0x0804431c      0x130 ../CORE/PLC1_CORE/Middlewares/Third_Party/LwIP/src/api/api_lib.o
 .text.netconn_new_with_proto_and_callback
                0x0804444c       0xb4 ../CORE/PLC1_CORE/Middlewares/Third_Party/LwIP/src/api/api_lib.o
                0x0804444c                netconn_new_with_proto_and_callback
 .text.netconn_delete
                0x08044500       0x30 ../CORE/PLC1_CORE/Middlewares/Third_Party/LwIP/src/api/api_lib.o
                0x08044500                netconn_delete
 .text.netconn_bind
                0x08044530       0x48 ../CORE/PLC1_CORE/Middlewares/Third_Party/LwIP/src/api/api_lib.o
                0x08044530                netconn_bind
 .text.netconn_listen_with_backlog
                0x08044578       0x3c ../CORE/PLC1_CORE/Middlewares/Third_Party/LwIP/src/api/api_lib.o
                0x08044578                netconn_listen_with_backlog
 .text.netconn_accept
                0x080445b4       0xac ../CORE/PLC1_CORE/Middlewares/Third_Party/LwIP/src/api/api_lib.o
                0x080445b4                netconn_accept
 .text.netconn_recv
                0x08044660       0xa0 ../CORE/PLC1_CORE/Middlewares/Third_Party/LwIP/src/api/api_lib.o
                0x08044660                netconn_recv
 .text.netconn_write_partly
                0x08044700       0x94 ../CORE/PLC1_CORE/Middlewares/Third_Party/LwIP/src/api/api_lib.o
                0x08044700                netconn_write_partly
 .text.netconn_close
                0x08044794        0x6 ../CORE/PLC1_CORE/Middlewares/Third_Party/LwIP/src/api/api_lib.o
                0x08044794                netconn_close
 *fill*         0x0804479a        0x2 
 .text.recv_udp
                0x0804479c       0xb0 ../CORE/PLC1_CORE/Middlewares/Third_Party/LwIP/src/api/api_msg.o
 .text.setup_tcp
                0x0804484c       0x44 ../CORE/PLC1_CORE/Middlewares/Third_Party/LwIP/src/api/api_msg.o
 .text.err_tcp  0x08044890      0x128 ../CORE/PLC1_CORE/Middlewares/Third_Party/LwIP/src/api/api_msg.o
 .text.lwip_netconn_do_writemore
                0x080449b8      0x1fc ../CORE/PLC1_CORE/Middlewares/Third_Party/LwIP/src/api/api_msg.o
 .text.lwip_netconn_do_close_internal
                0x08044bb4      0x1fc ../CORE/PLC1_CORE/Middlewares/Third_Party/LwIP/src/api/api_msg.o
 .text.poll_tcp
                0x08044db0       0x78 ../CORE/PLC1_CORE/Middlewares/Third_Party/LwIP/src/api/api_msg.o
 .text.recv_tcp
                0x08044e28       0xc4 ../CORE/PLC1_CORE/Middlewares/Third_Party/LwIP/src/api/api_msg.o
 .text.sent_tcp
                0x08044eec       0x6c ../CORE/PLC1_CORE/Middlewares/Third_Party/LwIP/src/api/api_msg.o
 .text.lwip_netconn_do_newconn
                0x08044f58       0x80 ../CORE/PLC1_CORE/Middlewares/Third_Party/LwIP/src/api/api_msg.o
                0x08044f58                lwip_netconn_do_newconn
 .text.netconn_alloc
                0x08044fd8       0x88 ../CORE/PLC1_CORE/Middlewares/Third_Party/LwIP/src/api/api_msg.o
                0x08044fd8                netconn_alloc
 .text.netconn_free
                0x08045060       0x78 ../CORE/PLC1_CORE/Middlewares/Third_Party/LwIP/src/api/api_msg.o
                0x08045060                netconn_free
 .text.netconn_drain
                0x080450d8       0xa0 ../CORE/PLC1_CORE/Middlewares/Third_Party/LwIP/src/api/api_msg.o
 .text.accept_function
                0x08045178       0xdc ../CORE/PLC1_CORE/Middlewares/Third_Party/LwIP/src/api/api_msg.o
 .text.lwip_netconn_do_delconn
                0x08045254      0x130 ../CORE/PLC1_CORE/Middlewares/Third_Party/LwIP/src/api/api_msg.o
                0x08045254                lwip_netconn_do_delconn
 .text.lwip_netconn_do_bind
                0x08045384       0x60 ../CORE/PLC1_CORE/Middlewares/Third_Party/LwIP/src/api/api_msg.o
                0x08045384                lwip_netconn_do_bind
 .text.lwip_netconn_do_listen
                0x080453e4       0xdc ../CORE/PLC1_CORE/Middlewares/Third_Party/LwIP/src/api/api_msg.o
                0x080453e4                lwip_netconn_do_listen
 .text.lwip_netconn_do_recv
                0x080454c0       0x56 ../CORE/PLC1_CORE/Middlewares/Third_Party/LwIP/src/api/api_msg.o
                0x080454c0                lwip_netconn_do_recv
 *fill*         0x08045516        0x2 
 .text.lwip_netconn_do_write
                0x08045518       0xe8 ../CORE/PLC1_CORE/Middlewares/Third_Party/LwIP/src/api/api_msg.o
                0x08045518                lwip_netconn_do_write
 .text.lwip_netconn_do_close
                0x08045600       0xd4 ../CORE/PLC1_CORE/Middlewares/Third_Party/LwIP/src/api/api_msg.o
                0x08045600                lwip_netconn_do_close
 .text.netbuf_delete
                0x080456d4       0x22 ../CORE/PLC1_CORE/Middlewares/Third_Party/LwIP/src/api/netbuf.o
                0x080456d4                netbuf_delete
 *fill*         0x080456f6        0x2 
 .text.netbuf_data
                0x080456f8       0x58 ../CORE/PLC1_CORE/Middlewares/Third_Party/LwIP/src/api/netbuf.o
                0x080456f8                netbuf_data
 .text.netbuf_next
                0x08045750       0x38 ../CORE/PLC1_CORE/Middlewares/Third_Party/LwIP/src/api/netbuf.o
                0x08045750                netbuf_next
 .text.tcpip_thread
                0x08045788       0x94 ../CORE/PLC1_CORE/Middlewares/Third_Party/LwIP/src/api/tcpip.o
 .text.tcpip_inpkt
                0x0804581c       0x58 ../CORE/PLC1_CORE/Middlewares/Third_Party/LwIP/src/api/tcpip.o
                0x0804581c                tcpip_inpkt
 .text.tcpip_input
                0x08045874       0x1c ../CORE/PLC1_CORE/Middlewares/Third_Party/LwIP/src/api/tcpip.o
                0x08045874                tcpip_input
 .text.tcpip_callback_with_block
                0x08045890       0x60 ../CORE/PLC1_CORE/Middlewares/Third_Party/LwIP/src/api/tcpip.o
                0x08045890                tcpip_callback_with_block
 .text.tcpip_send_msg_wait_sem
                0x080458f0       0x20 ../CORE/PLC1_CORE/Middlewares/Third_Party/LwIP/src/api/tcpip.o
                0x080458f0                tcpip_send_msg_wait_sem
 .text.tcpip_init
                0x08045910       0x80 ../CORE/PLC1_CORE/Middlewares/Third_Party/LwIP/src/api/tcpip.o
                0x08045910                tcpip_init
 .text.lwip_htons
                0x08045990        0x6 ../CORE/PLC1_CORE/Middlewares/Third_Party/LwIP/src/core/def.o
                0x08045990                lwip_htons
 .text.lwip_htonl
                0x08045996        0x4 ../CORE/PLC1_CORE/Middlewares/Third_Party/LwIP/src/core/def.o
                0x08045996                lwip_htonl
 .text.lwip_init
                0x0804599a       0x22 ../CORE/PLC1_CORE/Middlewares/Third_Party/LwIP/src/core/init.o
                0x0804599a                lwip_init
 .text.etharp_free_entry
                0x080459bc       0x28 ../CORE/PLC1_CORE/Middlewares/Third_Party/LwIP/src/core/ipv4/etharp.o
 .text.etharp_raw
                0x080459e4       0xd8 ../CORE/PLC1_CORE/Middlewares/Third_Party/LwIP/src/core/ipv4/etharp.o
 .text.etharp_find_entry.isra.0
                0x08045abc      0x114 ../CORE/PLC1_CORE/Middlewares/Third_Party/LwIP/src/core/ipv4/etharp.o
 .text.etharp_cleanup_netif
                0x08045bd0       0x28 ../CORE/PLC1_CORE/Middlewares/Third_Party/LwIP/src/core/ipv4/etharp.o
                0x08045bd0                etharp_cleanup_netif
 .text.etharp_input
                0x08045bf8      0x13c ../CORE/PLC1_CORE/Middlewares/Third_Party/LwIP/src/core/ipv4/etharp.o
                0x08045bf8                etharp_input
 .text.etharp_request
                0x08045d34       0x2c ../CORE/PLC1_CORE/Middlewares/Third_Party/LwIP/src/core/ipv4/etharp.o
                0x08045d34                etharp_request
 .text.etharp_tmr
                0x08045d60       0x54 ../CORE/PLC1_CORE/Middlewares/Third_Party/LwIP/src/core/ipv4/etharp.o
                0x08045d60                etharp_tmr
 .text.etharp_output_to_arp_index
                0x08045db4       0xb8 ../CORE/PLC1_CORE/Middlewares/Third_Party/LwIP/src/core/ipv4/etharp.o
 .text.etharp_query
                0x08045e6c      0x150 ../CORE/PLC1_CORE/Middlewares/Third_Party/LwIP/src/core/ipv4/etharp.o
                0x08045e6c                etharp_query
 .text.etharp_output
                0x08045fbc      0x128 ../CORE/PLC1_CORE/Middlewares/Third_Party/LwIP/src/core/ipv4/etharp.o
                0x08045fbc                etharp_output
 .text.icmp_send_response.isra.0
                0x080460e4       0x94 ../CORE/PLC1_CORE/Middlewares/Third_Party/LwIP/src/core/ipv4/icmp.o
 .text.icmp_input
                0x08046178      0x130 ../CORE/PLC1_CORE/Middlewares/Third_Party/LwIP/src/core/ipv4/icmp.o
                0x08046178                icmp_input
 .text.icmp_dest_unreach
                0x080462a8        0xa ../CORE/PLC1_CORE/Middlewares/Third_Party/LwIP/src/core/ipv4/icmp.o
                0x080462a8                icmp_dest_unreach
 .text.icmp_time_exceeded
                0x080462b2        0xa ../CORE/PLC1_CORE/Middlewares/Third_Party/LwIP/src/core/ipv4/icmp.o
                0x080462b2                icmp_time_exceeded
 .text.ip4_route
                0x080462bc       0x58 ../CORE/PLC1_CORE/Middlewares/Third_Party/LwIP/src/core/ipv4/ip4.o
                0x080462bc                ip4_route
 .text.ip4_input
                0x08046314      0x184 ../CORE/PLC1_CORE/Middlewares/Third_Party/LwIP/src/core/ipv4/ip4.o
                0x08046314                ip4_input
 .text.ip4_output_if_src
                0x08046498       0xf0 ../CORE/PLC1_CORE/Middlewares/Third_Party/LwIP/src/core/ipv4/ip4.o
                0x08046498                ip4_output_if_src
 .text.ip4_output_if
                0x08046588       0x22 ../CORE/PLC1_CORE/Middlewares/Third_Party/LwIP/src/core/ipv4/ip4.o
                0x08046588                ip4_output_if
 .text.ip4_addr_isbroadcast_u32
                0x080465aa       0x32 ../CORE/PLC1_CORE/Middlewares/Third_Party/LwIP/src/core/ipv4/ip4_addr.o
                0x080465aa                ip4_addr_isbroadcast_u32
 .text.ip_reass_dequeue_datagram
                0x080465dc       0x44 ../CORE/PLC1_CORE/Middlewares/Third_Party/LwIP/src/core/ipv4/ip4_frag.o
 .text.ip_reass_free_complete_datagram
                0x08046620       0xe8 ../CORE/PLC1_CORE/Middlewares/Third_Party/LwIP/src/core/ipv4/ip4_frag.o
 .text.ip_reass_remove_oldest_datagram
                0x08046708       0x78 ../CORE/PLC1_CORE/Middlewares/Third_Party/LwIP/src/core/ipv4/ip4_frag.o
 .text.ip_frag_free_pbuf_custom_ref
                0x08046780       0x2c ../CORE/PLC1_CORE/Middlewares/Third_Party/LwIP/src/core/ipv4/ip4_frag.o
 .text.ipfrag_free_pbuf_custom
                0x080467ac       0x34 ../CORE/PLC1_CORE/Middlewares/Third_Party/LwIP/src/core/ipv4/ip4_frag.o
 .text.ip_reass_tmr
                0x080467e0       0x28 ../CORE/PLC1_CORE/Middlewares/Third_Party/LwIP/src/core/ipv4/ip4_frag.o
                0x080467e0                ip_reass_tmr
 .text.ip4_reass
                0x08046808      0x354 ../CORE/PLC1_CORE/Middlewares/Third_Party/LwIP/src/core/ipv4/ip4_frag.o
                0x08046808                ip4_reass
 .text.ip4_frag
                0x08046b5c      0x1b4 ../CORE/PLC1_CORE/Middlewares/Third_Party/LwIP/src/core/ipv4/ip4_frag.o
                0x08046b5c                ip4_frag
 .text.mem_init
                0x08046d10       0x68 ../CORE/PLC1_CORE/Middlewares/Third_Party/LwIP/src/core/mem.o
                0x08046d10                mem_init
 .text.mem_free
                0x08046d78      0x170 ../CORE/PLC1_CORE/Middlewares/Third_Party/LwIP/src/core/mem.o
                0x08046d78                mem_free
 .text.mem_trim
                0x08046ee8      0x118 ../CORE/PLC1_CORE/Middlewares/Third_Party/LwIP/src/core/mem.o
                0x08046ee8                mem_trim
 .text.mem_malloc
                0x08047000      0x13c ../CORE/PLC1_CORE/Middlewares/Third_Party/LwIP/src/core/mem.o
                0x08047000                mem_malloc
 .text.do_memp_malloc_pool.isra.0
                0x0804713c       0x3c ../CORE/PLC1_CORE/Middlewares/Third_Party/LwIP/src/core/memp.o
 .text.do_memp_free_pool.isra.1
                0x08047178       0x38 ../CORE/PLC1_CORE/Middlewares/Third_Party/LwIP/src/core/memp.o
 .text.memp_init_pool
                0x080471b0       0x26 ../CORE/PLC1_CORE/Middlewares/Third_Party/LwIP/src/core/memp.o
                0x080471b0                memp_init_pool
 *fill*         0x080471d6        0x2 
 .text.memp_init
                0x080471d8       0x1c ../CORE/PLC1_CORE/Middlewares/Third_Party/LwIP/src/core/memp.o
                0x080471d8                memp_init
 .text.memp_malloc
                0x080471f4       0x38 ../CORE/PLC1_CORE/Middlewares/Third_Party/LwIP/src/core/memp.o
                0x080471f4                memp_malloc
 .text.memp_free
                0x0804722c       0x34 ../CORE/PLC1_CORE/Middlewares/Third_Party/LwIP/src/core/memp.o
                0x0804722c                memp_free
 .text.netif_issue_reports.part.0
                0x08047260       0x12 ../CORE/PLC1_CORE/Middlewares/Third_Party/LwIP/src/core/netif.o
 .text.netif_init
                0x08047272        0x2 ../CORE/PLC1_CORE/Middlewares/Third_Party/LwIP/src/core/netif.o
                0x08047272                netif_init
 .text.netif_set_ipaddr
                0x08047274       0x44 ../CORE/PLC1_CORE/Middlewares/Third_Party/LwIP/src/core/netif.o
                0x08047274                netif_set_ipaddr
 .text.netif_set_addr
                0x080472b8       0x38 ../CORE/PLC1_CORE/Middlewares/Third_Party/LwIP/src/core/netif.o
                0x080472b8                netif_set_addr
 .text.netif_add
                0x080472f0       0x7c ../CORE/PLC1_CORE/Middlewares/Third_Party/LwIP/src/core/netif.o
                0x080472f0                netif_add
 .text.netif_set_default
                0x0804736c        0xc ../CORE/PLC1_CORE/Middlewares/Third_Party/LwIP/src/core/netif.o
                0x0804736c                netif_set_default
 .text.netif_set_up
                0x08047378       0x1e ../CORE/PLC1_CORE/Middlewares/Third_Party/LwIP/src/core/netif.o
                0x08047378                netif_set_up
 .text.netif_set_down
                0x08047396       0x1a ../CORE/PLC1_CORE/Middlewares/Third_Party/LwIP/src/core/netif.o
                0x08047396                netif_set_down
 .text.pbuf_free_ooseq_callback
                0x080473b0       0x34 ../CORE/PLC1_CORE/Middlewares/Third_Party/LwIP/src/core/pbuf.o
 .text.pbuf_header_impl
                0x080473e4       0x9c ../CORE/PLC1_CORE/Middlewares/Third_Party/LwIP/src/core/pbuf.o
 .text.pbuf_pool_is_empty
                0x08047480       0x3c ../CORE/PLC1_CORE/Middlewares/Third_Party/LwIP/src/core/pbuf.o
 .text.pbuf_alloced_custom
                0x080474bc       0x70 ../CORE/PLC1_CORE/Middlewares/Third_Party/LwIP/src/core/pbuf.o
                0x080474bc                pbuf_alloced_custom
 .text.pbuf_header
                0x0804752c        0x6 ../CORE/PLC1_CORE/Middlewares/Third_Party/LwIP/src/core/pbuf.o
                0x0804752c                pbuf_header
 .text.pbuf_header_force
                0x08047532        0x6 ../CORE/PLC1_CORE/Middlewares/Third_Party/LwIP/src/core/pbuf.o
                0x08047532                pbuf_header_force
 .text.pbuf_free
                0x08047538       0xd4 ../CORE/PLC1_CORE/Middlewares/Third_Party/LwIP/src/core/pbuf.o
                0x08047538                pbuf_free
 .text.pbuf_alloc
                0x0804760c      0x1b8 ../CORE/PLC1_CORE/Middlewares/Third_Party/LwIP/src/core/pbuf.o
                0x0804760c                pbuf_alloc
 .text.pbuf_realloc
                0x080477c4       0xe0 ../CORE/PLC1_CORE/Middlewares/Third_Party/LwIP/src/core/pbuf.o
                0x080477c4                pbuf_realloc
 .text.pbuf_clen
                0x080478a4       0x10 ../CORE/PLC1_CORE/Middlewares/Third_Party/LwIP/src/core/pbuf.o
                0x080478a4                pbuf_clen
 .text.pbuf_ref
                0x080478b4       0x38 ../CORE/PLC1_CORE/Middlewares/Third_Party/LwIP/src/core/pbuf.o
                0x080478b4                pbuf_ref
 .text.pbuf_cat
                0x080478ec       0x74 ../CORE/PLC1_CORE/Middlewares/Third_Party/LwIP/src/core/pbuf.o
                0x080478ec                pbuf_cat
 .text.pbuf_copy
                0x08047960      0x114 ../CORE/PLC1_CORE/Middlewares/Third_Party/LwIP/src/core/pbuf.o
                0x08047960                pbuf_copy
 .text.pbuf_copy_partial
                0x08047a74       0x8c ../CORE/PLC1_CORE/Middlewares/Third_Party/LwIP/src/core/pbuf.o
                0x08047a74                pbuf_copy_partial
 .text.tcp_new_port
                0x08047b00       0x50 ../CORE/PLC1_CORE/Middlewares/Third_Party/LwIP/src/core/tcp.o
 .text.tcp_close_shutdown_fin
                0x08047b50       0x60 ../CORE/PLC1_CORE/Middlewares/Third_Party/LwIP/src/core/tcp.o
 .text.tcp_init
                0x08047bb0        0x2 ../CORE/PLC1_CORE/Middlewares/Third_Party/LwIP/src/core/tcp.o
                0x08047bb0                tcp_init
 *fill*         0x08047bb2        0x2 
 .text.tcp_bind
                0x08047bb4       0x94 ../CORE/PLC1_CORE/Middlewares/Third_Party/LwIP/src/core/tcp.o
                0x08047bb4                tcp_bind
 .text.tcp_listen_with_backlog_and_err
                0x08047c48       0xb0 ../CORE/PLC1_CORE/Middlewares/Third_Party/LwIP/src/core/tcp.o
                0x08047c48                tcp_listen_with_backlog_and_err
 .text.tcp_update_rcv_ann_wnd
                0x08047cf8       0x58 ../CORE/PLC1_CORE/Middlewares/Third_Party/LwIP/src/core/tcp.o
                0x08047cf8                tcp_update_rcv_ann_wnd
 .text.tcp_recved
                0x08047d50       0x7c ../CORE/PLC1_CORE/Middlewares/Third_Party/LwIP/src/core/tcp.o
                0x08047d50                tcp_recved
 .text.tcp_seg_free
                0x08047dcc       0x1c ../CORE/PLC1_CORE/Middlewares/Third_Party/LwIP/src/core/tcp.o
                0x08047dcc                tcp_seg_free
 .text.tcp_segs_free
                0x08047de8       0x10 ../CORE/PLC1_CORE/Middlewares/Third_Party/LwIP/src/core/tcp.o
                0x08047de8                tcp_segs_free
 .text.tcp_seg_copy
                0x08047df8       0x2c ../CORE/PLC1_CORE/Middlewares/Third_Party/LwIP/src/core/tcp.o
                0x08047df8                tcp_seg_copy
 .text.tcp_arg  0x08047e24        0x6 ../CORE/PLC1_CORE/Middlewares/Third_Party/LwIP/src/core/tcp.o
                0x08047e24                tcp_arg
 *fill*         0x08047e2a        0x2 
 .text.tcp_recv
                0x08047e2c       0x30 ../CORE/PLC1_CORE/Middlewares/Third_Party/LwIP/src/core/tcp.o
                0x08047e2c                tcp_recv
 .text.tcp_sent
                0x08047e5c       0x2c ../CORE/PLC1_CORE/Middlewares/Third_Party/LwIP/src/core/tcp.o
                0x08047e5c                tcp_sent
 .text.tcp_err  0x08047e88       0x30 ../CORE/PLC1_CORE/Middlewares/Third_Party/LwIP/src/core/tcp.o
                0x08047e88                tcp_err
 .text.tcp_accept
                0x08047eb8        0xc ../CORE/PLC1_CORE/Middlewares/Third_Party/LwIP/src/core/tcp.o
                0x08047eb8                tcp_accept
 .text.tcp_poll
                0x08047ec4       0x30 ../CORE/PLC1_CORE/Middlewares/Third_Party/LwIP/src/core/tcp.o
                0x08047ec4                tcp_poll
 .text.tcp_pcb_purge
                0x08047ef4       0x40 ../CORE/PLC1_CORE/Middlewares/Third_Party/LwIP/src/core/tcp.o
                0x08047ef4                tcp_pcb_purge
 .text.tcp_slowtmr
                0x08047f34      0x3c4 ../CORE/PLC1_CORE/Middlewares/Third_Party/LwIP/src/core/tcp.o
                0x08047f34                tcp_slowtmr
 .text.tcp_pcb_remove
                0x080482f8       0xa0 ../CORE/PLC1_CORE/Middlewares/Third_Party/LwIP/src/core/tcp.o
                0x080482f8                tcp_pcb_remove
 .text.tcp_close_shutdown
                0x08048398      0x14c ../CORE/PLC1_CORE/Middlewares/Third_Party/LwIP/src/core/tcp.o
 .text.tcp_close
                0x080484e4       0x14 ../CORE/PLC1_CORE/Middlewares/Third_Party/LwIP/src/core/tcp.o
                0x080484e4                tcp_close
 .text.tcp_recv_null
                0x080484f8       0x24 ../CORE/PLC1_CORE/Middlewares/Third_Party/LwIP/src/core/tcp.o
                0x080484f8                tcp_recv_null
 .text.tcp_process_refused_data
                0x0804851c       0x66 ../CORE/PLC1_CORE/Middlewares/Third_Party/LwIP/src/core/tcp.o
                0x0804851c                tcp_process_refused_data
 *fill*         0x08048582        0x2 
 .text.tcp_fasttmr
                0x08048584       0x80 ../CORE/PLC1_CORE/Middlewares/Third_Party/LwIP/src/core/tcp.o
                0x08048584                tcp_fasttmr
 .text.tcp_tmr  0x08048604       0x24 ../CORE/PLC1_CORE/Middlewares/Third_Party/LwIP/src/core/tcp.o
                0x08048604                tcp_tmr
 .text.tcp_shutdown
                0x08048628       0x4a ../CORE/PLC1_CORE/Middlewares/Third_Party/LwIP/src/core/tcp.o
                0x08048628                tcp_shutdown
 *fill*         0x08048672        0x2 
 .text.tcp_abandon
                0x08048674       0xec ../CORE/PLC1_CORE/Middlewares/Third_Party/LwIP/src/core/tcp.o
                0x08048674                tcp_abandon
 .text.tcp_abort
                0x08048760        0x6 ../CORE/PLC1_CORE/Middlewares/Third_Party/LwIP/src/core/tcp.o
                0x08048760                tcp_abort
 .text.tcp_accept_null
                0x08048766        0xe ../CORE/PLC1_CORE/Middlewares/Third_Party/LwIP/src/core/tcp.o
 .text.tcp_netif_ip_addr_changed_pcblist
                0x08048774       0x1c ../CORE/PLC1_CORE/Middlewares/Third_Party/LwIP/src/core/tcp.o
 .text.tcp_kill_state
                0x08048790       0x60 ../CORE/PLC1_CORE/Middlewares/Third_Party/LwIP/src/core/tcp.o
 .text.tcp_alloc
                0x080487f0      0x110 ../CORE/PLC1_CORE/Middlewares/Third_Party/LwIP/src/core/tcp.o
                0x080487f0                tcp_alloc
 .text.tcp_new_ip_type
                0x08048900        0x6 ../CORE/PLC1_CORE/Middlewares/Third_Party/LwIP/src/core/tcp.o
                0x08048900                tcp_new_ip_type
 *fill*         0x08048906        0x2 
 .text.tcp_next_iss
                0x08048908       0x18 ../CORE/PLC1_CORE/Middlewares/Third_Party/LwIP/src/core/tcp.o
                0x08048908                tcp_next_iss
 .text.tcp_eff_send_mss_impl
                0x08048920       0x1e ../CORE/PLC1_CORE/Middlewares/Third_Party/LwIP/src/core/tcp.o
                0x08048920                tcp_eff_send_mss_impl
 *fill*         0x0804893e        0x2 
 .text.tcp_netif_ip_addr_changed
                0x08048940       0x4c ../CORE/PLC1_CORE/Middlewares/Third_Party/LwIP/src/core/tcp.o
                0x08048940                tcp_netif_ip_addr_changed
 .text.tcp_oos_insert_segment
                0x0804898c       0x7c ../CORE/PLC1_CORE/Middlewares/Third_Party/LwIP/src/core/tcp_in.o
 .text.tcp_receive
                0x08048a08      0x998 ../CORE/PLC1_CORE/Middlewares/Third_Party/LwIP/src/core/tcp_in.o
 .text.tcp_getoptbyte
                0x080493a0       0x40 ../CORE/PLC1_CORE/Middlewares/Third_Party/LwIP/src/core/tcp_in.o
 .text.tcp_parseopt.isra.1.part.2
                0x080493e0       0x70 ../CORE/PLC1_CORE/Middlewares/Third_Party/LwIP/src/core/tcp_in.o
 .text.tcp_input_delayed_close
                0x08049450       0x40 ../CORE/PLC1_CORE/Middlewares/Third_Party/LwIP/src/core/tcp_in.o
 .text.tcp_input
                0x08049490      0x9fc ../CORE/PLC1_CORE/Middlewares/Third_Party/LwIP/src/core/tcp_in.o
                0x08049490                tcp_input
 .text.tcp_trigger_input_pcb_close
                0x08049e8c       0x10 ../CORE/PLC1_CORE/Middlewares/Third_Party/LwIP/src/core/tcp_in.o
                0x08049e8c                tcp_trigger_input_pcb_close
 .text.tcp_pbuf_prealloc
                0x08049e9c       0x74 ../CORE/PLC1_CORE/Middlewares/Third_Party/LwIP/src/core/tcp_out.o
 .text.tcp_create_segment
                0x08049f10       0xd0 ../CORE/PLC1_CORE/Middlewares/Third_Party/LwIP/src/core/tcp_out.o
 .text.tcp_output_alloc_header.constprop.0
                0x08049fe0       0x78 ../CORE/PLC1_CORE/Middlewares/Third_Party/LwIP/src/core/tcp_out.o
 .text.tcp_write
                0x0804a058      0x52c ../CORE/PLC1_CORE/Middlewares/Third_Party/LwIP/src/core/tcp_out.o
                0x0804a058                tcp_write
 .text.tcp_enqueue_flags
                0x0804a584      0x130 ../CORE/PLC1_CORE/Middlewares/Third_Party/LwIP/src/core/tcp_out.o
                0x0804a584                tcp_enqueue_flags
 .text.tcp_send_fin
                0x0804a6b4       0x44 ../CORE/PLC1_CORE/Middlewares/Third_Party/LwIP/src/core/tcp_out.o
                0x0804a6b4                tcp_send_fin
 .text.tcp_send_empty_ack
                0x0804a6f8       0x6a ../CORE/PLC1_CORE/Middlewares/Third_Party/LwIP/src/core/tcp_out.o
                0x0804a6f8                tcp_send_empty_ack
 *fill*         0x0804a762        0x2 
 .text.tcp_output
                0x0804a764      0x2fc ../CORE/PLC1_CORE/Middlewares/Third_Party/LwIP/src/core/tcp_out.o
                0x0804a764                tcp_output
 .text.tcp_rst  0x0804aa60       0xb0 ../CORE/PLC1_CORE/Middlewares/Third_Party/LwIP/src/core/tcp_out.o
                0x0804aa60                tcp_rst
 .text.tcp_rexmit_rto
                0x0804ab10       0x38 ../CORE/PLC1_CORE/Middlewares/Third_Party/LwIP/src/core/tcp_out.o
                0x0804ab10                tcp_rexmit_rto
 .text.tcp_rexmit
                0x0804ab48       0x52 ../CORE/PLC1_CORE/Middlewares/Third_Party/LwIP/src/core/tcp_out.o
                0x0804ab48                tcp_rexmit
 .text.tcp_rexmit_fast
                0x0804ab9a       0x4e ../CORE/PLC1_CORE/Middlewares/Third_Party/LwIP/src/core/tcp_out.o
                0x0804ab9a                tcp_rexmit_fast
 .text.tcp_keepalive
                0x0804abe8       0x54 ../CORE/PLC1_CORE/Middlewares/Third_Party/LwIP/src/core/tcp_out.o
                0x0804abe8                tcp_keepalive
 .text.tcp_zero_window_probe
                0x0804ac3c       0xc0 ../CORE/PLC1_CORE/Middlewares/Third_Party/LwIP/src/core/tcp_out.o
                0x0804ac3c                tcp_zero_window_probe
 .text.sys_timeout
                0x0804acfc       0xa4 ../CORE/PLC1_CORE/Middlewares/Third_Party/LwIP/src/core/timeouts.o
                0x0804acfc                sys_timeout
 .text.tcp_timer_needed
                0x0804ada0       0x34 ../CORE/PLC1_CORE/Middlewares/Third_Party/LwIP/src/core/timeouts.o
                0x0804ada0                tcp_timer_needed
 .text.tcpip_tcp_timer
                0x0804add4       0x38 ../CORE/PLC1_CORE/Middlewares/Third_Party/LwIP/src/core/timeouts.o
 .text.sys_timeouts_init
                0x0804ae0c       0x38 ../CORE/PLC1_CORE/Middlewares/Third_Party/LwIP/src/core/timeouts.o
                0x0804ae0c                sys_timeouts_init
 .text.cyclic_timer
                0x0804ae44       0x1c ../CORE/PLC1_CORE/Middlewares/Third_Party/LwIP/src/core/timeouts.o
 .text.sys_timeouts_mbox_fetch
                0x0804ae60       0xa4 ../CORE/PLC1_CORE/Middlewares/Third_Party/LwIP/src/core/timeouts.o
                0x0804ae60                sys_timeouts_mbox_fetch
 .text.udp_init
                0x0804af04        0x2 ../CORE/PLC1_CORE/Middlewares/Third_Party/LwIP/src/core/udp.o
                0x0804af04                udp_init
 *fill*         0x0804af06        0x2 
 .text.udp_input
                0x0804af08      0x130 ../CORE/PLC1_CORE/Middlewares/Third_Party/LwIP/src/core/udp.o
                0x0804af08                udp_input
 .text.udp_bind
                0x0804b038       0xa8 ../CORE/PLC1_CORE/Middlewares/Third_Party/LwIP/src/core/udp.o
                0x0804b038                udp_bind
 .text.udp_recv
                0x0804b0e0        0x6 ../CORE/PLC1_CORE/Middlewares/Third_Party/LwIP/src/core/udp.o
                0x0804b0e0                udp_recv
 *fill*         0x0804b0e6        0x2 
 .text.udp_remove
                0x0804b0e8       0x30 ../CORE/PLC1_CORE/Middlewares/Third_Party/LwIP/src/core/udp.o
                0x0804b0e8                udp_remove
 .text.udp_new  0x0804b118       0x1c ../CORE/PLC1_CORE/Middlewares/Third_Party/LwIP/src/core/udp.o
                0x0804b118                udp_new
 .text.udp_new_ip_type
                0x0804b134        0x4 ../CORE/PLC1_CORE/Middlewares/Third_Party/LwIP/src/core/udp.o
                0x0804b134                udp_new_ip_type
 .text.udp_netif_ip_addr_changed
                0x0804b138       0x2c ../CORE/PLC1_CORE/Middlewares/Third_Party/LwIP/src/core/udp.o
                0x0804b138                udp_netif_ip_addr_changed
 .text.ethernet_input
                0x0804b164       0x98 ../CORE/PLC1_CORE/Middlewares/Third_Party/LwIP/src/netif/ethernet.o
                0x0804b164                ethernet_input
 .text.ethernet_output
                0x0804b1fc       0x70 ../CORE/PLC1_CORE/Middlewares/Third_Party/LwIP/src/netif/ethernet.o
                0x0804b1fc                ethernet_output
 .text.sys_mbox_new
                0x0804b26c       0x24 ../CORE/PLC1_CORE/Middlewares/Third_Party/LwIP/system/OS/sys_arch.o
                0x0804b26c                sys_mbox_new
 .text.sys_mbox_free
                0x0804b290       0x14 ../CORE/PLC1_CORE/Middlewares/Third_Party/LwIP/system/OS/sys_arch.o
                0x0804b290                sys_mbox_free
 .text.sys_mbox_post
                0x0804b2a4       0x18 ../CORE/PLC1_CORE/Middlewares/Third_Party/LwIP/system/OS/sys_arch.o
                0x0804b2a4                sys_mbox_post
 .text.sys_mbox_trypost
                0x0804b2bc       0x14 ../CORE/PLC1_CORE/Middlewares/Third_Party/LwIP/system/OS/sys_arch.o
                0x0804b2bc                sys_mbox_trypost
 .text.sys_arch_mbox_fetch
                0x0804b2d0       0x44 ../CORE/PLC1_CORE/Middlewares/Third_Party/LwIP/system/OS/sys_arch.o
                0x0804b2d0                sys_arch_mbox_fetch
 .text.sys_arch_mbox_tryfetch
                0x0804b314       0x22 ../CORE/PLC1_CORE/Middlewares/Third_Party/LwIP/system/OS/sys_arch.o
                0x0804b314                sys_arch_mbox_tryfetch
 .text.sys_mbox_valid
                0x0804b336        0xa ../CORE/PLC1_CORE/Middlewares/Third_Party/LwIP/system/OS/sys_arch.o
                0x0804b336                sys_mbox_valid
 .text.sys_mbox_set_invalid
                0x0804b340        0x6 ../CORE/PLC1_CORE/Middlewares/Third_Party/LwIP/system/OS/sys_arch.o
                0x0804b340                sys_mbox_set_invalid
 .text.sys_sem_new
                0x0804b346       0x30 ../CORE/PLC1_CORE/Middlewares/Third_Party/LwIP/system/OS/sys_arch.o
                0x0804b346                sys_sem_new
 .text.sys_arch_sem_wait
                0x0804b376       0x36 ../CORE/PLC1_CORE/Middlewares/Third_Party/LwIP/system/OS/sys_arch.o
                0x0804b376                sys_arch_sem_wait
 .text.sys_sem_signal
                0x0804b3ac        0x6 ../CORE/PLC1_CORE/Middlewares/Third_Party/LwIP/system/OS/sys_arch.o
                0x0804b3ac                sys_sem_signal
 .text.sys_sem_free
                0x0804b3b2        0x6 ../CORE/PLC1_CORE/Middlewares/Third_Party/LwIP/system/OS/sys_arch.o
                0x0804b3b2                sys_sem_free
 .text.sys_sem_valid
                0x0804b3b8        0xa ../CORE/PLC1_CORE/Middlewares/Third_Party/LwIP/system/OS/sys_arch.o
                0x0804b3b8                sys_sem_valid
 .text.sys_sem_set_invalid
                0x0804b3c2        0x6 ../CORE/PLC1_CORE/Middlewares/Third_Party/LwIP/system/OS/sys_arch.o
                0x0804b3c2                sys_sem_set_invalid
 .text.sys_init
                0x0804b3c8       0x18 ../CORE/PLC1_CORE/Middlewares/Third_Party/LwIP/system/OS/sys_arch.o
                0x0804b3c8                sys_init
 .text.sys_mutex_new
                0x0804b3e0       0x1e ../CORE/PLC1_CORE/Middlewares/Third_Party/LwIP/system/OS/sys_arch.o
                0x0804b3e0                sys_mutex_new
 .text.sys_mutex_lock
                0x0804b3fe        0xa ../CORE/PLC1_CORE/Middlewares/Third_Party/LwIP/system/OS/sys_arch.o
                0x0804b3fe                sys_mutex_lock
 .text.sys_mutex_unlock
                0x0804b408        0x6 ../CORE/PLC1_CORE/Middlewares/Third_Party/LwIP/system/OS/sys_arch.o
                0x0804b408                sys_mutex_unlock
 .text.sys_thread_new
                0x0804b40e       0x2e ../CORE/PLC1_CORE/Middlewares/Third_Party/LwIP/system/OS/sys_arch.o
                0x0804b40e                sys_thread_new
 .text.sys_arch_protect
                0x0804b43c       0x18 ../CORE/PLC1_CORE/Middlewares/Third_Party/LwIP/system/OS/sys_arch.o
                0x0804b43c                sys_arch_protect
 .text.sys_arch_unprotect
                0x0804b454        0xc ../CORE/PLC1_CORE/Middlewares/Third_Party/LwIP/system/OS/sys_arch.o
                0x0804b454                sys_arch_unprotect
 .text.update_ethip_ain
                0x0804b460       0x28 ../CORE/PLC1_CORE/Src/ain.o
                0x0804b460                update_ethip_ain
 .text.GetCRC16
                0x0804b488       0x2c ../CORE/PLC1_CORE/Src/crc.o
                0x0804b488                GetCRC16
 .text.init_din
                0x0804b4b4       0x30 ../CORE/PLC1_CORE/Src/din.o
                0x0804b4b4                init_din
 .text.update_din
                0x0804b4e4      0x18c ../CORE/PLC1_CORE/Src/din.o
                0x0804b4e4                update_din
 .text.NVIC_EncodePriority.constprop.0
                0x0804b670       0x2e ../CORE/PLC1_CORE/Src/dma.o
 *fill*         0x0804b69e        0x2 
 .text.MX_DMA_Init
                0x0804b6a0       0x8c ../CORE/PLC1_CORE/Src/dma.o
                0x0804b6a0                MX_DMA_Init
 .text.update_dout
                0x0804b72c      0x130 ../CORE/PLC1_CORE/Src/dout.o
                0x0804b72c                update_dout
 .text.EE_VerifyPageFullyErased
                0x0804b85c       0x24 ../CORE/PLC1_CORE/Src/eeprom.o
 .text.EE_VerifyPageFullWriteVariable
                0x0804b880       0x7c ../CORE/PLC1_CORE/Src/eeprom.o
 .text.EE_Format
                0x0804b8fc       0x60 ../CORE/PLC1_CORE/Src/eeprom.o
 .text.EE_ReadVariable
                0x0804b95c       0x50 ../CORE/PLC1_CORE/Src/eeprom.o
                0x0804b95c                EE_ReadVariable
 .text.EE_Init  0x0804b9ac      0x1ac ../CORE/PLC1_CORE/Src/eeprom.o
                0x0804b9ac                EE_Init
 .text.EE_WriteVariable
                0x0804bb58       0xc8 ../CORE/PLC1_CORE/Src/eeprom.o
                0x0804bb58                EE_WriteVariable
 .text.get_error_answer
                0x0804bc20       0x74 ../CORE/PLC1_CORE/Src/ethip.o
 .text.create_header
                0x0804bc94       0x5c ../CORE/PLC1_CORE/Src/ethip.o
 .text.create_rr_data_reply_header.constprop.2
                0x0804bcf0       0x2e ../CORE/PLC1_CORE/Src/ethip.o
 .text.get_encaps_packet
                0x0804bd1e       0xba ../CORE/PLC1_CORE/Src/ethip.o
                0x0804bd1e                get_encaps_packet
 .text.get_answer
                0x0804bdd8      0x860 ../CORE/PLC1_CORE/Src/ethip.o
                0x0804bdd8                get_answer
 .text.open_contact
                0x0804c638        0xa ../CORE/PLC1_CORE/Src/elements.o
                0x0804c638                open_contact
 .text.relay_bool
                0x0804c642        0x6 ../CORE/PLC1_CORE/Src/elements.o
                0x0804c642                relay_bool
 .text.relay_short
                0x0804c648        0x6 ../CORE/PLC1_CORE/Src/elements.o
                0x0804c648                relay_short
 .text.variable_short
                0x0804c64e        0x8 ../CORE/PLC1_CORE/Src/elements.o
                0x0804c64e                variable_short
 *fill*         0x0804c656        0x2 
 .text.low_level_output
                0x0804c658       0xa0 ../CORE/PLC1_CORE/Src/ethernetif.o
 .text.ethernetif_input
                0x0804c6f8       0xec ../CORE/PLC1_CORE/Src/ethernetif.o
                0x0804c6f8                ethernetif_input
 .text.HAL_ETH_MspInit
                0x0804c7e4      0x184 ../CORE/PLC1_CORE/Src/ethernetif.o
                0x0804c7e4                HAL_ETH_MspInit
 .text.HAL_ETH_RxCpltCallback
                0x0804c968        0xc ../CORE/PLC1_CORE/Src/ethernetif.o
                0x0804c968                HAL_ETH_RxCpltCallback
 .text.ethernetif_init
                0x0804c974      0x174 ../CORE/PLC1_CORE/Src/ethernetif.o
                0x0804c974                ethernetif_init
 .text.sys_now  0x0804cae8        0x4 ../CORE/PLC1_CORE/Src/ethernetif.o
                0x0804cae8                sys_now
 .text.StartDefaultTask
                0x0804caec      0x1c4 ../CORE/PLC1_CORE/Src/freertos.o
                0x0804caec                StartDefaultTask
 .text.ProgTask
                0x0804ccb0       0x58 ../CORE/PLC1_CORE/Src/freertos.o
                0x0804ccb0                ProgTask
 .text.vApplicationGetIdleTaskMemory
                0x0804cd08       0x18 ../CORE/PLC1_CORE/Src/freertos.o
                0x0804cd08                vApplicationGetIdleTaskMemory
 .text.MX_FREERTOS_Init
                0x0804cd20       0x50 ../CORE/PLC1_CORE/Src/freertos.o
                0x0804cd20                MX_FREERTOS_Init
 .text.MX_GPIO_Init
                0x0804cd70      0x1b4 ../CORE/PLC1_CORE/Src/gpio.o
                0x0804cd70                MX_GPIO_Init
 .text.MX_IWDG_Init
                0x0804cf24       0x2c ../CORE/PLC1_CORE/Src/iwdg.o
                0x0804cf24                MX_IWDG_Init
 .text.inc_timers
                0x0804cf50        0x2 ../CORE/PLC1_CORE/CompileFiles/ld_prog.o
                0x0804cf50                inc_timers
 *fill*         0x0804cf52        0x2 
 .text.ld_process
                0x0804cf54       0xac ../CORE/PLC1_CORE/CompileFiles/ld_prog.o
                0x0804cf54                ld_process
 .text.MX_LWIP_Init
                0x0804d000      0x108 ../CORE/PLC1_CORE/Src/lwip.o
                0x0804d000                MX_LWIP_Init
 .text.SystemClock_Config
                0x0804d108       0x9c ../CORE/PLC1_CORE/Src/main.o
                0x0804d108                SystemClock_Config
 .text.startup.main
                0x0804d1a4      0x1c4 ../CORE/PLC1_CORE/Src/main.o
                0x0804d1a4                main
 .text.HAL_TIM_PeriodElapsedCallback
                0x0804d368       0xf4 ../CORE/PLC1_CORE/Src/main.o
                0x0804d368                HAL_TIM_PeriodElapsedCallback
 .text.Error_Handler
                0x0804d45c        0x2 ../CORE/PLC1_CORE/Src/main.o
                0x0804d45c                Error_Handler
 *fill*         0x0804d45e        0x2 
 .text.uart1_scan
                0x0804d460       0x2c ../CORE/PLC1_CORE/Src/rs485.o
                0x0804d460                uart1_scan
 .text.uart2_scan
                0x0804d48c       0x2c ../CORE/PLC1_CORE/Src/rs485.o
                0x0804d48c                uart2_scan
 .text.send_data_to_uart1
                0x0804d4b8       0xc8 ../CORE/PLC1_CORE/Src/rs485.o
                0x0804d4b8                send_data_to_uart1
 .text.send_data_to_uart2
                0x0804d580       0xc8 ../CORE/PLC1_CORE/Src/rs485.o
                0x0804d580                send_data_to_uart2
 .text.modbus_error
                0x0804d648       0x34 ../CORE/PLC1_CORE/Src/rs485_protocol.o
 .text.rx_callback
                0x0804d67c      0x974 ../CORE/PLC1_CORE/Src/rs485_protocol.o
                0x0804d67c                rx_callback
 .text.rx1_callback
                0x0804dff0       0x34 ../CORE/PLC1_CORE/Src/rs485_protocol.o
                0x0804dff0                rx1_callback
 .text.rx2_callback
                0x0804e024       0x34 ../CORE/PLC1_CORE/Src/rs485_protocol.o
                0x0804e024                rx2_callback
 .text.MX_SPI1_Init
                0x0804e058       0x44 ../CORE/PLC1_CORE/Src/spi.o
                0x0804e058                MX_SPI1_Init
 .text.HAL_SPI_MspInit
                0x0804e09c      0x11c ../CORE/PLC1_CORE/Src/spi.o
                0x0804e09c                HAL_SPI_MspInit
 .text.HAL_MspInit
                0x0804e1b8       0x44 ../CORE/PLC1_CORE/Src/stm32f4xx_hal_msp.o
                0x0804e1b8                HAL_MspInit
 .text.HAL_InitTick
                0x0804e1fc       0x7c ../CORE/PLC1_CORE/Src/stm32f4xx_hal_timebase_tim.o
                0x0804e1fc                HAL_InitTick
 .text.NMI_Handler
                0x0804e278        0x2 ../CORE/PLC1_CORE/Src/stm32f4xx_it.o
                0x0804e278                NMI_Handler
 .text.HardFault_Handler
                0x0804e27a        0x2 ../CORE/PLC1_CORE/Src/stm32f4xx_it.o
                0x0804e27a                HardFault_Handler
 .text.MemManage_Handler
                0x0804e27c        0x2 ../CORE/PLC1_CORE/Src/stm32f4xx_it.o
                0x0804e27c                MemManage_Handler
 .text.BusFault_Handler
                0x0804e27e        0x2 ../CORE/PLC1_CORE/Src/stm32f4xx_it.o
                0x0804e27e                BusFault_Handler
 .text.UsageFault_Handler
                0x0804e280        0x2 ../CORE/PLC1_CORE/Src/stm32f4xx_it.o
                0x0804e280                UsageFault_Handler
 .text.DebugMon_Handler
                0x0804e282        0x2 ../CORE/PLC1_CORE/Src/stm32f4xx_it.o
                0x0804e282                DebugMon_Handler
 .text.DMA1_Stream6_IRQHandler
                0x0804e284       0x44 ../CORE/PLC1_CORE/Src/stm32f4xx_it.o
                0x0804e284                DMA1_Stream6_IRQHandler
 .text.TIM1_UP_TIM10_IRQHandler
                0x0804e2c8        0xc ../CORE/PLC1_CORE/Src/stm32f4xx_it.o
                0x0804e2c8                TIM1_UP_TIM10_IRQHandler
 .text.USART1_IRQHandler
                0x0804e2d4       0x44 ../CORE/PLC1_CORE/Src/stm32f4xx_it.o
                0x0804e2d4                USART1_IRQHandler
 .text.USART2_IRQHandler
                0x0804e318       0x44 ../CORE/PLC1_CORE/Src/stm32f4xx_it.o
                0x0804e318                USART2_IRQHandler
 .text.DMA2_Stream0_IRQHandler
                0x0804e35c        0xc ../CORE/PLC1_CORE/Src/stm32f4xx_it.o
                0x0804e35c                DMA2_Stream0_IRQHandler
 .text.DMA2_Stream3_IRQHandler
                0x0804e368        0xc ../CORE/PLC1_CORE/Src/stm32f4xx_it.o
                0x0804e368                DMA2_Stream3_IRQHandler
 .text.ETH_IRQHandler
                0x0804e374        0xc ../CORE/PLC1_CORE/Src/stm32f4xx_it.o
                0x0804e374                ETH_IRQHandler
 .text.DMA2_Stream7_IRQHandler
                0x0804e380       0x44 ../CORE/PLC1_CORE/Src/stm32f4xx_it.o
                0x0804e380                DMA2_Stream7_IRQHandler
 .text._read    0x0804e3c4       0x1c ../CORE/PLC1_CORE/Src/syscalls.o
                0x0804e3c4                _read
 .text._write   0x0804e3e0       0x1c ../CORE/PLC1_CORE/Src/syscalls.o
                0x0804e3e0                _write
 .text._sbrk    0x0804e3fc       0x34 ../CORE/PLC1_CORE/Src/syscalls.o
                0x0804e3fc                _sbrk
 .text._close   0x0804e430        0x6 ../CORE/PLC1_CORE/Src/syscalls.o
                0x0804e430                _close
 .text._fstat   0x0804e436        0xa ../CORE/PLC1_CORE/Src/syscalls.o
                0x0804e436                _fstat
 .text._isatty  0x0804e440        0x4 ../CORE/PLC1_CORE/Src/syscalls.o
                0x0804e440                _isatty
 .text._lseek   0x0804e444        0x4 ../CORE/PLC1_CORE/Src/syscalls.o
                0x0804e444                _lseek
 .text.SystemInit
                0x0804e448       0x4c ../CORE/PLC1_CORE/Src/system_stm32f4xx.o
                0x0804e448                SystemInit
 .text.tcp_server_thread
                0x0804e494       0x74 ../CORE/PLC1_CORE/Src/tcpserver.o
 .text.ethipserver_thread
                0x0804e508      0x100 ../CORE/PLC1_CORE/Src/tcpserver.o
 .text.tcp_server_init
                0x0804e608       0x24 ../CORE/PLC1_CORE/Src/tcpserver.o
                0x0804e608                tcp_server_init
 .text.NVIC_EncodePriority.constprop.10
                0x0804e62c       0x2e ../CORE/PLC1_CORE/Src/usart.o
 *fill*         0x0804e65a        0x2 
 .text.MX_USART1_UART_Init
                0x0804e65c      0x128 ../CORE/PLC1_CORE/Src/usart.o
                0x0804e65c                MX_USART1_UART_Init
 .text.MX_USART2_UART_Init
                0x0804e784      0x128 ../CORE/PLC1_CORE/Src/usart.o
                0x0804e784                MX_USART2_UART_Init
 .text.Reset_Handler
                0x0804e8ac       0x50 ../CORE/PLC1_CORE/startup/startup_stm32f427xx.o
                0x0804e8ac                Reset_Handler
 .text.Default_Handler
                0x0804e8fc        0x2 ../CORE/PLC1_CORE/startup/startup_stm32f427xx.o
                0x0804e8fc                RTC_Alarm_IRQHandler
                0x0804e8fc                HASH_RNG_IRQHandler
                0x0804e8fc                EXTI2_IRQHandler
                0x0804e8fc                TIM8_CC_IRQHandler
                0x0804e8fc                UART8_IRQHandler
                0x0804e8fc                SPI4_IRQHandler
                0x0804e8fc                TIM1_CC_IRQHandler
                0x0804e8fc                DMA2_Stream5_IRQHandler
                0x0804e8fc                DMA1_Stream5_IRQHandler
                0x0804e8fc                PVD_IRQHandler
                0x0804e8fc                SDIO_IRQHandler
                0x0804e8fc                TAMP_STAMP_IRQHandler
                0x0804e8fc                CAN2_RX1_IRQHandler
                0x0804e8fc                EXTI3_IRQHandler
                0x0804e8fc                TIM8_TRG_COM_TIM14_IRQHandler
                0x0804e8fc                TIM8_UP_TIM13_IRQHandler
                0x0804e8fc                I2C3_ER_IRQHandler
                0x0804e8fc                EXTI0_IRQHandler
                0x0804e8fc                I2C2_EV_IRQHandler
                0x0804e8fc                DMA1_Stream2_IRQHandler
                0x0804e8fc                CAN1_RX0_IRQHandler
                0x0804e8fc                FPU_IRQHandler
                0x0804e8fc                OTG_HS_WKUP_IRQHandler
                0x0804e8fc                CAN2_SCE_IRQHandler
                0x0804e8fc                DMA2_Stream2_IRQHandler
                0x0804e8fc                SPI1_IRQHandler
                0x0804e8fc                TIM6_DAC_IRQHandler
                0x0804e8fc                TIM1_BRK_TIM9_IRQHandler
                0x0804e8fc                DCMI_IRQHandler
                0x0804e8fc                CAN2_RX0_IRQHandler
                0x0804e8fc                USART6_IRQHandler
                0x0804e8fc                USART3_IRQHandler
                0x0804e8fc                CAN1_RX1_IRQHandler
                0x0804e8fc                UART5_IRQHandler
                0x0804e8fc                TIM4_IRQHandler
                0x0804e8fc                I2C1_EV_IRQHandler
                0x0804e8fc                DMA1_Stream1_IRQHandler
                0x0804e8fc                UART4_IRQHandler
                0x0804e8fc                TIM3_IRQHandler
                0x0804e8fc                RCC_IRQHandler
                0x0804e8fc                TIM8_BRK_TIM12_IRQHandler
                0x0804e8fc                Default_Handler
                0x0804e8fc                EXTI15_10_IRQHandler
                0x0804e8fc                ADC_IRQHandler
                0x0804e8fc                DMA1_Stream7_IRQHandler
                0x0804e8fc                SPI5_IRQHandler
                0x0804e8fc                TIM7_IRQHandler
                0x0804e8fc                CAN2_TX_IRQHandler
                0x0804e8fc                TIM5_IRQHandler
                0x0804e8fc                I2C3_EV_IRQHandler
                0x0804e8fc                EXTI9_5_IRQHandler
                0x0804e8fc                RTC_WKUP_IRQHandler
                0x0804e8fc                ETH_WKUP_IRQHandler
                0x0804e8fc                SPI2_IRQHandler
                0x0804e8fc                OTG_HS_EP1_IN_IRQHandler
                0x0804e8fc                DMA1_Stream0_IRQHandler
                0x0804e8fc                CAN1_TX_IRQHandler
                0x0804e8fc                EXTI4_IRQHandler
                0x0804e8fc                OTG_HS_EP1_OUT_IRQHandler
                0x0804e8fc                WWDG_IRQHandler
                0x0804e8fc                SPI6_IRQHandler
                0x0804e8fc                TIM2_IRQHandler
                0x0804e8fc                OTG_FS_WKUP_IRQHandler
                0x0804e8fc                TIM1_TRG_COM_TIM11_IRQHandler
                0x0804e8fc                OTG_HS_IRQHandler
                0x0804e8fc                DMA2D_IRQHandler
                0x0804e8fc                EXTI1_IRQHandler
                0x0804e8fc                UART7_IRQHandler
                0x0804e8fc                I2C2_ER_IRQHandler
                0x0804e8fc                DMA2_Stream1_IRQHandler
                0x0804e8fc                CAN1_SCE_IRQHandler
                0x0804e8fc                FLASH_IRQHandler
                0x0804e8fc                DMA2_Stream4_IRQHandler
                0x0804e8fc                OTG_FS_IRQHandler
                0x0804e8fc                SPI3_IRQHandler
                0x0804e8fc                DMA1_Stream4_IRQHandler
                0x0804e8fc                I2C1_ER_IRQHandler
                0x0804e8fc                FMC_IRQHandler
                0x0804e8fc                DMA2_Stream6_IRQHandler